Archive member included to satisfy reference by file (symbol)

/usr/local/gcc-arm-none-eabi-8-2018-q4-major/bin/../lib/gcc/arm-none-eabi/8.2.1/../../../../arm-none-eabi/lib/thumb/v7e-m+fp/hard/libc_nano.a(lib_a-exit.o)
                              /usr/local/gcc-arm-none-eabi-8-2018-q4-major/bin/../lib/gcc/arm-none-eabi/8.2.1/../../../../arm-none-eabi/lib/thumb/v7e-m+fp/hard/crt0.o (exit)
/usr/local/gcc-arm-none-eabi-8-2018-q4-major/bin/../lib/gcc/arm-none-eabi/8.2.1/../../../../arm-none-eabi/lib/thumb/v7e-m+fp/hard/libc_nano.a(lib_a-impure.o)
                              /usr/local/gcc-arm-none-eabi-8-2018-q4-major/bin/../lib/gcc/arm-none-eabi/8.2.1/../../../../arm-none-eabi/lib/thumb/v7e-m+fp/hard/libc_nano.a(lib_a-exit.o) (_global_impure_ptr)
/usr/local/gcc-arm-none-eabi-8-2018-q4-major/bin/../lib/gcc/arm-none-eabi/8.2.1/../../../../arm-none-eabi/lib/thumb/v7e-m+fp/hard/libc_nano.a(lib_a-init.o)
                              /usr/local/gcc-arm-none-eabi-8-2018-q4-major/bin/../lib/gcc/arm-none-eabi/8.2.1/../../../../arm-none-eabi/lib/thumb/v7e-m+fp/hard/crt0.o (__libc_init_array)
/usr/local/gcc-arm-none-eabi-8-2018-q4-major/bin/../lib/gcc/arm-none-eabi/8.2.1/../../../../arm-none-eabi/lib/thumb/v7e-m+fp/hard/libc_nano.a(lib_a-memset.o)
                              /usr/local/gcc-arm-none-eabi-8-2018-q4-major/bin/../lib/gcc/arm-none-eabi/8.2.1/../../../../arm-none-eabi/lib/thumb/v7e-m+fp/hard/crt0.o (memset)
/usr/local/gcc-arm-none-eabi-8-2018-q4-major/bin/../lib/gcc/arm-none-eabi/8.2.1/../../../../arm-none-eabi/lib/thumb/v7e-m+fp/hard/libc_nano.a(lib_a-printf.o)
                              build/main.o (printf)
/usr/local/gcc-arm-none-eabi-8-2018-q4-major/bin/../lib/gcc/arm-none-eabi/8.2.1/../../../../arm-none-eabi/lib/thumb/v7e-m+fp/hard/libc_nano.a(lib_a-putchar.o)
                              build/main.o (putchar)
/usr/local/gcc-arm-none-eabi-8-2018-q4-major/bin/../lib/gcc/arm-none-eabi/8.2.1/../../../../arm-none-eabi/lib/thumb/v7e-m+fp/hard/libc_nano.a(lib_a-puts.o)
                              build/main.o (puts)
/usr/local/gcc-arm-none-eabi-8-2018-q4-major/bin/../lib/gcc/arm-none-eabi/8.2.1/../../../../arm-none-eabi/lib/thumb/v7e-m+fp/hard/libc_nano.a(lib_a-strlen.o)
                              build/usart.o (strlen)
/usr/local/gcc-arm-none-eabi-8-2018-q4-major/bin/../lib/gcc/arm-none-eabi/8.2.1/../../../../arm-none-eabi/lib/thumb/v7e-m+fp/hard/libc_nano.a(lib_a-wbuf.o)
                              /usr/local/gcc-arm-none-eabi-8-2018-q4-major/bin/../lib/gcc/arm-none-eabi/8.2.1/../../../../arm-none-eabi/lib/thumb/v7e-m+fp/hard/libc_nano.a(lib_a-puts.o) (__swbuf_r)
/usr/local/gcc-arm-none-eabi-8-2018-q4-major/bin/../lib/gcc/arm-none-eabi/8.2.1/../../../../arm-none-eabi/lib/thumb/v7e-m+fp/hard/libc_nano.a(lib_a-wsetup.o)
                              /usr/local/gcc-arm-none-eabi-8-2018-q4-major/bin/../lib/gcc/arm-none-eabi/8.2.1/../../../../arm-none-eabi/lib/thumb/v7e-m+fp/hard/libc_nano.a(lib_a-puts.o) (__swsetup_r)
/usr/local/gcc-arm-none-eabi-8-2018-q4-major/bin/../lib/gcc/arm-none-eabi/8.2.1/../../../../arm-none-eabi/lib/thumb/v7e-m+fp/hard/libc_nano.a(lib_a-fflush.o)
                              /usr/local/gcc-arm-none-eabi-8-2018-q4-major/bin/../lib/gcc/arm-none-eabi/8.2.1/../../../../arm-none-eabi/lib/thumb/v7e-m+fp/hard/libc_nano.a(lib_a-wbuf.o) (_fflush_r)
/usr/local/gcc-arm-none-eabi-8-2018-q4-major/bin/../lib/gcc/arm-none-eabi/8.2.1/../../../../arm-none-eabi/lib/thumb/v7e-m+fp/hard/libc_nano.a(lib_a-findfp.o)
                              /usr/local/gcc-arm-none-eabi-8-2018-q4-major/bin/../lib/gcc/arm-none-eabi/8.2.1/../../../../arm-none-eabi/lib/thumb/v7e-m+fp/hard/libc_nano.a(lib_a-printf.o) (__sinit)
/usr/local/gcc-arm-none-eabi-8-2018-q4-major/bin/../lib/gcc/arm-none-eabi/8.2.1/../../../../arm-none-eabi/lib/thumb/v7e-m+fp/hard/libc_nano.a(lib_a-fwalk.o)
                              /usr/local/gcc-arm-none-eabi-8-2018-q4-major/bin/../lib/gcc/arm-none-eabi/8.2.1/../../../../arm-none-eabi/lib/thumb/v7e-m+fp/hard/libc_nano.a(lib_a-findfp.o) (_fwalk)
/usr/local/gcc-arm-none-eabi-8-2018-q4-major/bin/../lib/gcc/arm-none-eabi/8.2.1/../../../../arm-none-eabi/lib/thumb/v7e-m+fp/hard/libc_nano.a(lib_a-lock.o)
                              /usr/local/gcc-arm-none-eabi-8-2018-q4-major/bin/../lib/gcc/arm-none-eabi/8.2.1/../../../../arm-none-eabi/lib/thumb/v7e-m+fp/hard/libc_nano.a(lib_a-findfp.o) (__retarget_lock_init_recursive)
/usr/local/gcc-arm-none-eabi-8-2018-q4-major/bin/../lib/gcc/arm-none-eabi/8.2.1/../../../../arm-none-eabi/lib/thumb/v7e-m+fp/hard/libc_nano.a(lib_a-makebuf.o)
                              /usr/local/gcc-arm-none-eabi-8-2018-q4-major/bin/../lib/gcc/arm-none-eabi/8.2.1/../../../../arm-none-eabi/lib/thumb/v7e-m+fp/hard/libc_nano.a(lib_a-wsetup.o) (__smakebuf_r)
/usr/local/gcc-arm-none-eabi-8-2018-q4-major/bin/../lib/gcc/arm-none-eabi/8.2.1/../../../../arm-none-eabi/lib/thumb/v7e-m+fp/hard/libc_nano.a(lib_a-nano-freer.o)
[...]
Memory Configuration

Name             Origin             Length             Attributes
RAM              0x0000000020000000 0x0000000000010000 xrw
CCMRAM           0x0000000010000000 0x0000000000004000 rw
FLASH            0x0000000008000000 0x0000000000080000 xr
*default*        0x0000000000000000 0xffffffffffffffff

Linker script and memory map

LOAD /usr/local/gcc-arm-none-eabi-8-2018-q4-major/bin/../lib/gcc/arm-none-eabi/8.2.1/thumb/v7e-m+fp/hard/crti.o
LOAD /usr/local/gcc-arm-none-eabi-8-2018-q4-major/bin/../lib/gcc/arm-none-eabi/8.2.1/thumb/v7e-m+fp/hard/crtbegin.o
LOAD /usr/local/gcc-arm-none-eabi-8-2018-q4-major/bin/../lib/gcc/arm-none-eabi/8.2.1/../../../../arm-none-eabi/lib/thumb/v7e-m+fp/hard/crt0.o
LOAD build/usart.o
LOAD build/system_stm32f3xx.o
LOAD build/main.o
LOAD build/spi.o
LOAD build/stm32f3xx_hal_msp.o
LOAD build/gpio.o
LOAD build/stm32f3xx_it.o
LOAD build/stm32f3xx_hal_spi.o
LOAD build/stm32f3xx_hal_i2c_ex.o
LOAD build/stm32f3xx_hal_flash.o
LOAD build/stm32f3xx_hal_spi_ex.o
LOAD build/stm32f3xx_hal_dma.o
LOAD build/stm32f3xx_hal_flash_ex.o
LOAD build/stm32f3xx_hal_tim.o
LOAD build/stm32f3xx_hal_rcc_ex.o
LOAD build/stm32f3xx_hal_gpio.o
LOAD build/stm32f3xx_hal_i2c.o
LOAD build/stm32f3xx_hal_uart_ex.o
LOAD build/stm32f3xx_hal_pwr.o
LOAD build/stm32f3xx_hal_pwr_ex.o
LOAD build/stm32f3xx_hal_tim_ex.o
LOAD build/stm32f3xx_hal_uart.o
LOAD build/stm32f3xx_hal.o
LOAD build/stm32f3xx_hal_cortex.o
LOAD build/stm32f3xx_hal_rcc.o
LOAD build/startup_stm32f303xe.o
LOAD /usr/local/gcc-arm-none-eabi-8-2018-q4-major/bin/../lib/gcc/arm-none-eabi/8.2.1/../../../../arm-none-eabi/lib/thumb/v7e-m+fp/hard/libc_nano.a
LOAD /usr/local/gcc-arm-none-eabi-8-2018-q4-major/bin/../lib/gcc/arm-none-eabi/8.2.1/../../../../arm-none-eabi/lib/thumb/v7e-m+fp/hard/libm.a
LOAD /usr/local/gcc-arm-none-eabi-8-2018-q4-major/bin/../lib/gcc/arm-none-eabi/8.2.1/../../../../arm-none-eabi/lib/thumb/v7e-m+fp/hard/libnosys.a
START GROUP
LOAD /usr/local/gcc-arm-none-eabi-8-2018-q4-major/bin/../lib/gcc/arm-none-eabi/8.2.1/thumb/v7e-m+fp/hard/libgcc.a
LOAD /usr/local/gcc-arm-none-eabi-8-2018-q4-major/bin/../lib/gcc/arm-none-eabi/8.2.1/../../../../arm-none-eabi/lib/thumb/v7e-m+fp/hard/libc_nano.a
END GROUP
START GROUP
LOAD /usr/local/gcc-arm-none-eabi-8-2018-q4-major/bin/../lib/gcc/arm-none-eabi/8.2.1/thumb/v7e-m+fp/hard/libgcc.a
LOAD /usr/local/gcc-arm-none-eabi-8-2018-q4-major/bin/../lib/gcc/arm-none-eabi/8.2.1/../../../../arm-none-eabi/lib/thumb/v7e-m+fp/hard/libc_nano.a
END GROUP
LOAD /usr/local/gcc-arm-none-eabi-8-2018-q4-major/bin/../lib/gcc/arm-none-eabi/8.2.1/thumb/v7e-m+fp/hard/crtend.o
LOAD /usr/local/gcc-arm-none-eabi-8-2018-q4-major/bin/../lib/gcc/arm-none-eabi/8.2.1/thumb/v7e-m+fp/hard/crtn.o
                0x0000000020010000                _estack = 0x20010000
                0x0000000000000200                _Min_Heap_Size = 0x200
                0x0000000000000400                _Min_Stack_Size = 0x400

.isr_vector     0x0000000008000000      0x194
                0x0000000008000000                . = ALIGN (0x4)
 *(.isr_vector)
 .isr_vector    0x0000000008000000      0x194 build/startup_stm32f303xe.o
                0x0000000008000000                g_pfnVectors
                0x0000000008000194                . = ALIGN (0x4)

.text           0x00000000080001a0     0x3aec
                0x00000000080001a0                . = ALIGN (0x4)
 *(.text)
 .text          0x00000000080001a0       0x40 /usr/local/gcc-arm-none-eabi-8-2018-q4-major/bin/../lib/gcc/arm-none-eabi/8.2.1/thumb/v7e-m+fp/hard/crtbegin.o
 .text          0x00000000080001e0       0xa0 /usr/local/gcc-arm-none-eabi-8-2018-q4-major/bin/../lib/gcc/arm-none-eabi/8.2.1/../../../../arm-none-eabi/lib/thumb/v7e-m+fp/hard/libc_nano.a(lib_a-memchr.o)
                0x00000000080001e0                memchr
 .text          0x0000000008000280      0x378 /usr/local/gcc-arm-none-eabi-8-2018-q4-major/bin/../lib/gcc/arm-none-eabi/8.2.1/thumb/v7e-m+fp/hard/libgcc.a(_arm_addsubdf3.o)
                0x0000000008000280                __aeabi_drsub
                0x0000000008000288                __subdf3
                0x0000000008000288                __aeabi_dsub
                0x000000000800028c                __aeabi_dadd
                0x000000000800028c                __adddf3
                0x0000000008000504                __aeabi_ui2d
                0x0000000008000504                __floatunsidf
                0x0000000008000524                __floatsidf
                0x0000000008000524                __aeabi_i2d
                0x0000000008000548                __extendsfdf2
                0x0000000008000548                __aeabi_f2d
                0x000000000800058c                __aeabi_ul2d
                0x000000000800058c                __floatundidf
                0x000000000800059c                __aeabi_l2d
                0x000000000800059c                __floatdidf
 .text          0x00000000080005f8      0x424 /usr/local/gcc-arm-none-eabi-8-2018-q4-major/bin/../lib/gcc/arm-none-eabi/8.2.1/thumb/v7e-m+fp/hard/libgcc.a(_arm_muldivdf3.o)
                0x00000000080005f8                __aeabi_dmul
                0x00000000080005f8                __muldf3
                0x000000000800084c                __aeabi_ddiv
                0x000000000800084c                __divdf3
 *(.text*)
 .text.MX_USART2_UART_Init
                0x0000000008000a1c       0x40 build/usart.o
                0x0000000008000a1c                MX_USART2_UART_Init
 .text.HAL_UART_MspInit
                0x0000000008000a5c       0x4c build/usart.o
                0x0000000008000a5c                HAL_UART_MspInit
 .text._write   0x0000000008000aa8       0x18 build/usart.o
                0x0000000008000aa8                _write
 .text.SystemInit
                0x0000000008000ac0       0x68 build/system_stm32f3xx.o
                0x0000000008000ac0                SystemInit
 .text.rfm69_rwReg
                0x0000000008000b28       0x34 build/main.o
                0x0000000008000b28                rfm69_rwReg
 .text.rfm69_readReg
                0x0000000008000b5c        0xa build/main.o
                0x0000000008000b5c                rfm69_readReg
 .text.rfm69_writeReg
                0x0000000008000b66        0xc build/main.o
                0x0000000008000b66                rfm69_writeReg
 *fill*         0x0000000008000b72        0x2 
 .text.rfm69_setMode
                0x0000000008000b74       0x30 build/main.o
                0x0000000008000b74                rfm69_setMode
 .text.rfm69_setFrequency
                0x0000000008000ba4       0x44 build/main.o
                0x0000000008000ba4                rfm69_setFrequency
 .text.rfm69_configure
                0x0000000008000be8       0x14 build/main.o
                0x0000000008000be8                rfm69_configure
 .text.rfm69_init
                0x0000000008000bfc       0x48 build/main.o
                0x0000000008000bfc                rfm69_init
 .text.rfm69_encrypt
                0x0000000008000c44       0x3e build/main.o
                0x0000000008000c44                rfm69_encrypt
 .text.rfm69_txPower
                0x0000000008000c82       0x1c build/main.o
                0x0000000008000c82                rfm69_txPower
 *fill*         0x0000000008000c9e        0x2 
 .text.rfm69_receive
                0x0000000008000ca0       0xe8 build/main.o
                0x0000000008000ca0                rfm69_receive
 .text.radio_setup
                0x0000000008000d88       0x58 build/main.o
                0x0000000008000d88                radio_setup
 .text.radio_loop
                0x0000000008000de0       0xc4 build/main.o
                0x0000000008000de0                radio_loop
 .text._Error_Handler
                0x0000000008000ea4        0x2 build/main.o
                0x0000000008000ea4                _Error_Handler
 *fill*         0x0000000008000ea6        0x2 
 .text.SystemClock_Config
                0x0000000008000ea8       0x8c build/main.o
                0x0000000008000ea8                SystemClock_Config
 .text.main     0x0000000008000f34       0x30 build/main.o
                0x0000000008000f34                main
 .text.MX_SPI2_Init
                0x0000000008000f64       0x54 build/spi.o
                0x0000000008000f64                MX_SPI2_Init
 .text.HAL_SPI_MspInit
                0x0000000008000fb8       0x50 build/spi.o
                0x0000000008000fb8                HAL_SPI_MspInit
 .text.SPI_transfer8
                0x0000000008001008       0x2c build/spi.o
                0x0000000008001008                SPI_transfer8
 .text.HAL_MspInit
                0x0000000008001034       0x7c build/stm32f3xx_hal_msp.o
                0x0000000008001034                HAL_MspInit
 .text.MX_GPIO_Init
                0x00000000080010b0      0x128 build/gpio.o
                0x00000000080010b0                MX_GPIO_Init
 .text.NMI_Handler
                0x00000000080011d8        0x2 build/stm32f3xx_it.o
                0x00000000080011d8                NMI_Handler
 .text.HardFault_Handler
                0x00000000080011da        0x2 build/stm32f3xx_it.o
                0x00000000080011da                HardFault_Handler
 .text.MemManage_Handler
                0x00000000080011dc        0x2 build/stm32f3xx_it.o
                0x00000000080011dc                MemManage_Handler
 .text.BusFault_Handler
                0x00000000080011de        0x2 build/stm32f3xx_it.o
                0x00000000080011de                BusFault_Handler
 .text.UsageFault_Handler
                0x00000000080011e0        0x2 build/stm32f3xx_it.o
                0x00000000080011e0                UsageFault_Handler
 .text.SVC_Handler
                0x00000000080011e2        0x2 build/stm32f3xx_it.o
                0x00000000080011e2                SVC_Handler
 .text.DebugMon_Handler
                0x00000000080011e4        0x2 build/stm32f3xx_it.o
                0x00000000080011e4                DebugMon_Handler
 .text.PendSV_Handler
                0x00000000080011e6        0x2 build/stm32f3xx_it.o
                0x00000000080011e6                PendSV_Handler
 .text.SysTick_Handler
                0x00000000080011e8        0xc build/stm32f3xx_it.o
                0x00000000080011e8                SysTick_Handler
 .text.SPI_WaitFlagStateUntilTimeout
                0x00000000080011f4       0x92 build/stm32f3xx_hal_spi.o
 .text.SPI_WaitFifoStateUntilTimeout
                0x0000000008001286       0xa4 build/stm32f3xx_hal_spi.o
 .text.SPI_EndRxTxTransaction
                0x000000000800132a       0x66 build/stm32f3xx_hal_spi.o
 .text.HAL_SPI_Init
                0x0000000008001390       0xba build/stm32f3xx_hal_spi.o
                0x0000000008001390                HAL_SPI_Init
 .text.HAL_SPI_TransmitReceive
                0x000000000800144a      0x2b8 build/stm32f3xx_hal_spi.o
                0x000000000800144a                HAL_SPI_TransmitReceive
 *fill*         0x0000000008001702        0x2 
 .text.HAL_RCCEx_PeriphCLKConfig
                0x0000000008001704      0x2fc build/stm32f3xx_hal_rcc_ex.o
                0x0000000008001704                HAL_RCCEx_PeriphCLKConfig
 .text.HAL_GPIO_Init
                0x0000000008001a00      0x1ac build/stm32f3xx_hal_gpio.o
                0x0000000008001a00                HAL_GPIO_Init
 .text.HAL_GPIO_WritePin
                0x0000000008001bac        0xa build/stm32f3xx_hal_gpio.o
                0x0000000008001bac                HAL_GPIO_WritePin
 *fill*         0x0000000008001bb6        0x2 
 .text.UART_SetConfig
                0x0000000008001bb8      0x2b0 build/stm32f3xx_hal_uart.o
                0x0000000008001bb8                UART_SetConfig
 .text.UART_AdvFeatureConfig
                0x0000000008001e68       0xca build/stm32f3xx_hal_uart.o
                0x0000000008001e68                UART_AdvFeatureConfig
 .text.UART_WaitOnFlagUntilTimeout
                0x0000000008001f32       0x62 build/stm32f3xx_hal_uart.o
                0x0000000008001f32                UART_WaitOnFlagUntilTimeout
 .text.HAL_UART_Transmit
                0x0000000008001f94       0xce build/stm32f3xx_hal_uart.o
                0x0000000008001f94                HAL_UART_Transmit
 .text.UART_CheckIdleState
                0x0000000008002062       0x70 build/stm32f3xx_hal_uart.o
                0x0000000008002062                UART_CheckIdleState
 .text.HAL_UART_Init
                0x00000000080020d2       0x66 build/stm32f3xx_hal_uart.o
                0x00000000080020d2                HAL_UART_Init
 .text.HAL_InitTick
                0x0000000008002138       0x2c build/stm32f3xx_hal.o
                0x0000000008002138                HAL_InitTick
 .text.HAL_Init
                0x0000000008002164       0x24 build/stm32f3xx_hal.o
                0x0000000008002164                HAL_Init
 .text.HAL_IncTick
                0x0000000008002188       0x10 build/stm32f3xx_hal.o
                0x0000000008002188                HAL_IncTick
 .text.HAL_GetTick
                0x0000000008002198        0xc build/stm32f3xx_hal.o
                0x0000000008002198                HAL_GetTick
 .text.HAL_NVIC_SetPriorityGrouping
                0x00000000080021a4       0x24 build/stm32f3xx_hal_cortex.o
                0x00000000080021a4                HAL_NVIC_SetPriorityGrouping
 .text.HAL_NVIC_SetPriority
                0x00000000080021c8       0x68 build/stm32f3xx_hal_cortex.o
                0x00000000080021c8                HAL_NVIC_SetPriority
 .text.HAL_SYSTICK_Config
                0x0000000008002230       0x2c build/stm32f3xx_hal_cortex.o
                0x0000000008002230                HAL_SYSTICK_Config
 .text.HAL_SYSTICK_CLKSourceConfig
                0x000000000800225c       0x20 build/stm32f3xx_hal_cortex.o
                0x000000000800225c                HAL_SYSTICK_CLKSourceConfig
 .text.HAL_SYSTICK_Callback
                0x000000000800227c        0x2 build/stm32f3xx_hal_cortex.o
                0x000000000800227c                HAL_SYSTICK_Callback
 .text.HAL_SYSTICK_IRQHandler
                0x000000000800227e        0x8 build/stm32f3xx_hal_cortex.o
                0x000000000800227e                HAL_SYSTICK_IRQHandler
 *fill*         0x0000000008002286        0x2 
 .text.HAL_RCC_OscConfig
                0x0000000008002288      0x600 build/stm32f3xx_hal_rcc.o
                0x0000000008002288                HAL_RCC_OscConfig
 .text.HAL_RCC_GetSysClockFreq
                0x0000000008002888       0x70 build/stm32f3xx_hal_rcc.o
                0x0000000008002888                HAL_RCC_GetSysClockFreq
 .text.HAL_RCC_ClockConfig
                0x00000000080028f8      0x1d8 build/stm32f3xx_hal_rcc.o
                0x00000000080028f8                HAL_RCC_ClockConfig
 .text.HAL_RCC_GetHCLKFreq
                0x0000000008002ad0        0xc build/stm32f3xx_hal_rcc.o
                0x0000000008002ad0                HAL_RCC_GetHCLKFreq
 .text.HAL_RCC_GetPCLK1Freq
                0x0000000008002adc       0x2c build/stm32f3xx_hal_rcc.o
                0x0000000008002adc                HAL_RCC_GetPCLK1Freq
 .text.HAL_RCC_GetPCLK2Freq
                0x0000000008002b08       0x2c build/stm32f3xx_hal_rcc.o
                0x0000000008002b08                HAL_RCC_GetPCLK2Freq
 .text.Reset_Handler
                0x0000000008002b34       0x50 build/startup_stm32f303xe.o
                0x0000000008002b34                Reset_Handler
 .text.Default_Handler
                0x0000000008002b84        0x2 build/startup_stm32f303xe.o
                0x0000000008002b84                TIM1_BRK_TIM15_IRQHandler
                0x0000000008002b84                TIM8_TRG_COM_IRQHandler
                0x0000000008002b84                TIM8_CC_IRQHandler
                0x0000000008002b84                SPI4_IRQHandler
                0x0000000008002b84                TIM1_CC_IRQHandler
                0x0000000008002b84                USB_HP_IRQHandler
                0x0000000008002b84                PVD_IRQHandler
                0x0000000008002b84                TAMP_STAMP_IRQHandler
                0x0000000008002b84                EXTI3_IRQHandler
                0x0000000008002b84                I2C3_ER_IRQHandler
                0x0000000008002b84                USB_HP_CAN_TX_IRQHandler
                0x0000000008002b84                EXTI0_IRQHandler
                0x0000000008002b84                I2C2_EV_IRQHandler
                0x0000000008002b84                FPU_IRQHandler
                0x0000000008002b84                TIM1_UP_TIM16_IRQHandler
                0x0000000008002b84                ADC1_2_IRQHandler
                0x0000000008002b84                SPI1_IRQHandler
                0x0000000008002b84                CAN_SCE_IRQHandler
                0x0000000008002b84                TIM6_DAC_IRQHandler
                0x0000000008002b84                TIM8_UP_IRQHandler
                0x0000000008002b84                DMA2_Channel2_IRQHandler
                0x0000000008002b84                DMA1_Channel4_IRQHandler
                0x0000000008002b84                TIM20_TRG_COM_IRQHandler
                0x0000000008002b84                USART3_IRQHandler
                0x0000000008002b84                DMA1_Channel7_IRQHandler
                0x0000000008002b84                UART5_IRQHandler
                0x0000000008002b84                ADC3_IRQHandler
                0x0000000008002b84                TIM4_IRQHandler
                0x0000000008002b84                CAN_RX1_IRQHandler
                0x0000000008002b84                DMA2_Channel1_IRQHandler
                0x0000000008002b84                I2C1_EV_IRQHandler
                0x0000000008002b84                DMA1_Channel6_IRQHandler
                0x0000000008002b84                UART4_IRQHandler
                0x0000000008002b84                DMA2_Channel4_IRQHandler
                0x0000000008002b84                TIM3_IRQHandler
                0x0000000008002b84                RCC_IRQHandler
                0x0000000008002b84                TIM20_UP_IRQHandler
                0x0000000008002b84                DMA1_Channel1_IRQHandler
                0x0000000008002b84                Default_Handler
                0x0000000008002b84                USBWakeUp_RMP_IRQHandler
                0x0000000008002b84                EXTI15_10_IRQHandler
                0x0000000008002b84                TIM7_IRQHandler
                0x0000000008002b84                I2C3_EV_IRQHandler
                0x0000000008002b84                EXTI9_5_IRQHandler
                0x0000000008002b84                RTC_WKUP_IRQHandler
                0x0000000008002b84                SPI2_IRQHandler
                0x0000000008002b84                USB_LP_CAN_RX0_IRQHandler
                0x0000000008002b84                DMA2_Channel5_IRQHandler
                0x0000000008002b84                DMA1_Channel5_IRQHandler
                0x0000000008002b84                USB_LP_IRQHandler
                0x0000000008002b84                EXTI4_IRQHandler
                0x0000000008002b84                TIM1_TRG_COM_TIM17_IRQHandler
                0x0000000008002b84                DMA1_Channel3_IRQHandler
                0x0000000008002b84                ADC4_IRQHandler
                0x0000000008002b84                WWDG_IRQHandler
                0x0000000008002b84                TIM2_IRQHandler
                0x0000000008002b84                COMP7_IRQHandler
                0x0000000008002b84                COMP1_2_3_IRQHandler
                0x0000000008002b84                EXTI1_IRQHandler
                0x0000000008002b84                USART2_IRQHandler
                0x0000000008002b84                COMP4_5_6_IRQHandler
                0x0000000008002b84                TIM20_BRK_IRQHandler
                0x0000000008002b84                I2C2_ER_IRQHandler
                0x0000000008002b84                DMA1_Channel2_IRQHandler
                0x0000000008002b84                TIM8_BRK_IRQHandler
                0x0000000008002b84                FLASH_IRQHandler
                0x0000000008002b84                TIM20_CC_IRQHandler
                0x0000000008002b84                USART1_IRQHandler
                0x0000000008002b84                SPI3_IRQHandler
                0x0000000008002b84                I2C1_ER_IRQHandler
                0x0000000008002b84                FMC_IRQHandler
                0x0000000008002b84                USBWakeUp_IRQHandler
                0x0000000008002b84                DMA2_Channel3_IRQHandler
                0x0000000008002b84                EXTI2_TSC_IRQHandler
                0x0000000008002b84                RTC_Alarm_IRQHandler
 *fill*         0x0000000008002b86        0x2 
 .text.__libc_init_array
                0x0000000008002b88       0x48 /usr/local/gcc-arm-none-eabi-8-2018-q4-major/bin/../lib/gcc/arm-none-eabi/8.2.1/../../../../arm-none-eabi/lib/thumb/v7e-m+fp/hard/libc_nano.a(lib_a-init.o)
                0x0000000008002b88                __libc_init_array
 .text.memset   0x0000000008002bd0       0x10 /usr/local/gcc-arm-none-eabi-8-2018-q4-major/bin/../lib/gcc/arm-none-eabi/8.2.1/../../../../arm-none-eabi/lib/thumb/v7e-m+fp/hard/libc_nano.a(lib_a-memset.o)
                0x0000000008002bd0                memset
 .text.printf   0x0000000008002be0       0x30 /usr/local/gcc-arm-none-eabi-8-2018-q4-major/bin/../lib/gcc/arm-none-eabi/8.2.1/../../../../arm-none-eabi/lib/thumb/v7e-m+fp/hard/libc_nano.a(lib_a-printf.o)
                0x0000000008002be0                printf
                0x0000000008002be0                iprintf
 .text.putchar  0x0000000008002c10       0x28 /usr/local/gcc-arm-none-eabi-8-2018-q4-major/bin/../lib/gcc/arm-none-eabi/8.2.1/../../../../arm-none-eabi/lib/thumb/v7e-m+fp/hard/libc_nano.a(lib_a-putchar.o)
                0x0000000008002c10                putchar
 .text._puts_r  0x0000000008002c38       0xdc /usr/local/gcc-arm-none-eabi-8-2018-q4-major/bin/../lib/gcc/arm-none-eabi/8.2.1/../../../../arm-none-eabi/lib/thumb/v7e-m+fp/hard/libc_nano.a(lib_a-puts.o)
                0x0000000008002c38                _puts_r
 .text.puts     0x0000000008002d14       0x10 /usr/local/gcc-arm-none-eabi-8-2018-q4-major/bin/../lib/gcc/arm-none-eabi/8.2.1/../../../../arm-none-eabi/lib/thumb/v7e-m+fp/hard/libc_nano.a(lib_a-puts.o)
                0x0000000008002d14                puts
 .text.__swbuf_r
                0x0000000008002d24       0xa4 /usr/local/gcc-arm-none-eabi-8-2018-q4-major/bin/../lib/gcc/arm-none-eabi/8.2.1/../../../../arm-none-eabi/lib/thumb/v7e-m+fp/hard/libc_nano.a(lib_a-wbuf.o)
                0x0000000008002d24                __swbuf_r
 .text.__swsetup_r
                0x0000000008002dc8       0xdc /usr/local/gcc-arm-none-eabi-8-2018-q4-major/bin/../lib/gcc/arm-none-eabi/8.2.1/../../../../arm-none-eabi/lib/thumb/v7e-m+fp/hard/libc_nano.a(lib_a-wsetup.o)
                0x0000000008002dc8                __swsetup_r
 .text.__sflush_r
                0x0000000008002ea4      0x10c /usr/local/gcc-arm-none-eabi-8-2018-q4-major/bin/../lib/gcc/arm-none-eabi/8.2.1/../../../../arm-none-eabi/lib/thumb/v7e-m+fp/hard/libc_nano.a(lib_a-fflush.o)
                0x0000000008002ea4                __sflush_r
 .text._fflush_r
                0x0000000008002fb0       0x78 /usr/local/gcc-arm-none-eabi-8-2018-q4-major/bin/../lib/gcc/arm-none-eabi/8.2.1/../../../../arm-none-eabi/lib/thumb/v7e-m+fp/hard/libc_nano.a(lib_a-fflush.o)
                0x0000000008002fb0                _fflush_r
 .text.std      0x0000000008003028       0x48 /usr/local/gcc-arm-none-eabi-8-2018-q4-major/bin/../lib/gcc/arm-none-eabi/8.2.1/../../../../arm-none-eabi/lib/thumb/v7e-m+fp/hard/libc_nano.a(lib_a-findfp.o)
 .text._cleanup_r
                0x0000000008003070        0xc /usr/local/gcc-arm-none-eabi-8-2018-q4-major/bin/../lib/gcc/arm-none-eabi/8.2.1/../../../../arm-none-eabi/lib/thumb/v7e-m+fp/hard/libc_nano.a(lib_a-findfp.o)
                0x0000000008003070                _cleanup_r
 .text.__sfmoreglue
                0x000000000800307c       0x2c /usr/local/gcc-arm-none-eabi-8-2018-q4-major/bin/../lib/gcc/arm-none-eabi/8.2.1/../../../../arm-none-eabi/lib/thumb/v7e-m+fp/hard/libc_nano.a(lib_a-findfp.o)
                0x000000000800307c                __sfmoreglue
 .text.__sfp_lock_acquire
                0x00000000080030a8        0xc /usr/local/gcc-arm-none-eabi-8-2018-q4-major/bin/../lib/gcc/arm-none-eabi/8.2.1/../../../../arm-none-eabi/lib/thumb/v7e-m+fp/hard/libc_nano.a(lib_a-findfp.o)
                0x00000000080030a8                __sfp_lock_acquire
 .text.__sfp_lock_release
                0x00000000080030b4        0xc /usr/local/gcc-arm-none-eabi-8-2018-q4-major/bin/../lib/gcc/arm-none-eabi/8.2.1/../../../../arm-none-eabi/lib/thumb/v7e-m+fp/hard/libc_nano.a(lib_a-findfp.o)
                0x00000000080030b4                __sfp_lock_release
 .text.__sinit_lock_acquire
                0x00000000080030c0        0xc /usr/local/gcc-arm-none-eabi-8-2018-q4-major/bin/../lib/gcc/arm-none-eabi/8.2.1/../../../../arm-none-eabi/lib/thumb/v7e-m+fp/hard/libc_nano.a(lib_a-findfp.o)
                0x00000000080030c0                __sinit_lock_acquire
 .text.__sinit_lock_release
                0x00000000080030cc        0xc /usr/local/gcc-arm-none-eabi-8-2018-q4-major/bin/../lib/gcc/arm-none-eabi/8.2.1/../../../../arm-none-eabi/lib/thumb/v7e-m+fp/hard/libc_nano.a(lib_a-findfp.o)
                0x00000000080030cc                __sinit_lock_release
 .text.__sinit  0x00000000080030d8       0x70 /usr/local/gcc-arm-none-eabi-8-2018-q4-major/bin/../lib/gcc/arm-none-eabi/8.2.1/../../../../arm-none-eabi/lib/thumb/v7e-m+fp/hard/libc_nano.a(lib_a-findfp.o)
                0x00000000080030d8                __sinit
 .text.__sfp    0x0000000008003148       0x8c /usr/local/gcc-arm-none-eabi-8-2018-q4-major/bin/../lib/gcc/arm-none-eabi/8.2.1/../../../../arm-none-eabi/lib/thumb/v7e-m+fp/hard/libc_nano.a(lib_a-findfp.o)
                0x0000000008003148                __sfp
 .text._fwalk_reent
                0x00000000080031d4       0x3c /usr/local/gcc-arm-none-eabi-8-2018-q4-major/bin/../lib/gcc/arm-none-eabi/8.2.1/../../../../arm-none-eabi/lib/thumb/v7e-m+fp/hard/libc_nano.a(lib_a-fwalk.o)
                0x00000000080031d4                _fwalk_reent
 .text.__retarget_lock_init_recursive
                0x0000000008003210        0x2 /usr/local/gcc-arm-none-eabi-8-2018-q4-major/bin/../lib/gcc/arm-none-eabi/8.2.1/../../../../arm-none-eabi/lib/thumb/v7e-m+fp/hard/libc_nano.a(lib_a-lock.o)
                0x0000000008003210                __retarget_lock_init_recursive
 .text.__retarget_lock_acquire_recursive
                0x0000000008003212        0x2 /usr/local/gcc-arm-none-eabi-8-2018-q4-major/bin/../lib/gcc/arm-none-eabi/8.2.1/../../../../arm-none-eabi/lib/thumb/v7e-m+fp/hard/libc_nano.a(lib_a-lock.o)
                0x0000000008003212                __retarget_lock_acquire_recursive
 .text.__retarget_lock_release_recursive
                0x0000000008003214        0x2 /usr/local/gcc-arm-none-eabi-8-2018-q4-major/bin/../lib/gcc/arm-none-eabi/8.2.1/../../../../arm-none-eabi/lib/thumb/v7e-m+fp/hard/libc_nano.a(lib_a-lock.o)
                0x0000000008003214                __retarget_lock_release_recursive
 .text.__swhatbuf_r
                0x0000000008003216       0x48 /usr/local/gcc-arm-none-eabi-8-2018-q4-major/bin/../lib/gcc/arm-none-eabi/8.2.1/../../../../arm-none-eabi/lib/thumb/v7e-m+fp/hard/libc_nano.a(lib_a-makebuf.o)
                0x0000000008003216                __swhatbuf_r
 *fill*         0x000000000800325e        0x2 
 .text.__smakebuf_r
                0x0000000008003260       0x80 /usr/local/gcc-arm-none-eabi-8-2018-q4-major/bin/../lib/gcc/arm-none-eabi/8.2.1/../../../../arm-none-eabi/lib/thumb/v7e-m+fp/hard/libc_nano.a(lib_a-makebuf.o)
                0x0000000008003260                __smakebuf_r
 .text._free_r  0x00000000080032e0       0x9c /usr/local/gcc-arm-none-eabi-8-2018-q4-major/bin/../lib/gcc/arm-none-eabi/8.2.1/../../../../arm-none-eabi/lib/thumb/v7e-m+fp/hard/libc_nano.a(lib_a-nano-freer.o)
                0x00000000080032e0                _free_r
 .text._malloc_r
                0x000000000800337c       0xb4 /usr/local/gcc-arm-none-eabi-8-2018-q4-major/bin/../lib/gcc/arm-none-eabi/8.2.1/../../../../arm-none-eabi/lib/thumb/v7e-m+fp/hard/libc_nano.a(lib_a-nano-mallocr.o)
                0x000000000800337c                _malloc_r
 .text.__sfputc_r
                0x0000000008003430       0x2e /usr/local/gcc-arm-none-eabi-8-2018-q4-major/bin/../lib/gcc/arm-none-eabi/8.2.1/../../../../arm-none-eabi/lib/thumb/v7e-m+fp/hard/libc_nano.a(lib_a-nano-vfprintf.o)
 .text.__sfputs_r
                0x000000000800345e       0x24 /usr/local/gcc-arm-none-eabi-8-2018-q4-major/bin/../lib/gcc/arm-none-eabi/8.2.1/../../../../arm-none-eabi/lib/thumb/v7e-m+fp/hard/libc_nano.a(lib_a-nano-vfprintf.o)
                0x000000000800345e                __sfputs_r
 *fill*         0x0000000008003482        0x2 
 .text._vfprintf_r
                0x0000000008003484      0x250 /usr/local/gcc-arm-none-eabi-8-2018-q4-major/bin/../lib/gcc/arm-none-eabi/8.2.1/../../../../arm-none-eabi/lib/thumb/v7e-m+fp/hard/libc_nano.a(lib_a-nano-vfprintf.o)
                0x0000000008003484                _vfiprintf_r
                0x0000000008003484                _vfprintf_r
 .text._printf_common
                0x00000000080036d4       0xea /usr/local/gcc-arm-none-eabi-8-2018-q4-major/bin/../lib/gcc/arm-none-eabi/8.2.1/../../../../arm-none-eabi/lib/thumb/v7e-m+fp/hard/libc_nano.a(lib_a-nano-vfprintf_i.o)
                0x00000000080036d4                _printf_common
 *fill*         0x00000000080037be        0x2 
 .text._printf_i
                0x00000000080037c0      0x228 /usr/local/gcc-arm-none-eabi-8-2018-q4-major/bin/../lib/gcc/arm-none-eabi/8.2.1/../../../../arm-none-eabi/lib/thumb/v7e-m+fp/hard/libc_nano.a(lib_a-nano-vfprintf_i.o)
                0x00000000080037c0                _printf_i
 .text._putc_r  0x00000000080039e8       0x90 /usr/local/gcc-arm-none-eabi-8-2018-q4-major/bin/../lib/gcc/arm-none-eabi/8.2.1/../../../../arm-none-eabi/lib/thumb/v7e-m+fp/hard/libc_nano.a(lib_a-putc.o)
                0x00000000080039e8                _putc_r
 .text._sbrk_r  0x0000000008003a78       0x20 /usr/local/gcc-arm-none-eabi-8-2018-q4-major/bin/../lib/gcc/arm-none-eabi/8.2.1/../../../../arm-none-eabi/lib/thumb/v7e-m+fp/hard/libc_nano.a(lib_a-sbrkr.o)
                0x0000000008003a78                _sbrk_r
 .text.__sread  0x0000000008003a98       0x22 /usr/local/gcc-arm-none-eabi-8-2018-q4-major/bin/../lib/gcc/arm-none-eabi/8.2.1/../../../../arm-none-eabi/lib/thumb/v7e-m+fp/hard/libc_nano.a(lib_a-stdio.o)
                0x0000000008003a98                __sread
 .text.__swrite
                0x0000000008003aba       0x38 /usr/local/gcc-arm-none-eabi-8-2018-q4-major/bin/../lib/gcc/arm-none-eabi/8.2.1/../../../../arm-none-eabi/lib/thumb/v7e-m+fp/hard/libc_nano.a(lib_a-stdio.o)
                0x0000000008003aba                __swrite
 .text.__sseek  0x0000000008003af2       0x24 /usr/local/gcc-arm-none-eabi-8-2018-q4-major/bin/../lib/gcc/arm-none-eabi/8.2.1/../../../../arm-none-eabi/lib/thumb/v7e-m+fp/hard/libc_nano.a(lib_a-stdio.o)
                0x0000000008003af2                __sseek
 .text.__sclose
                0x0000000008003b16        0x8 /usr/local/gcc-arm-none-eabi-8-2018-q4-major/bin/../lib/gcc/arm-none-eabi/8.2.1/../../../../arm-none-eabi/lib/thumb/v7e-m+fp/hard/libc_nano.a(lib_a-stdio.o)
                0x0000000008003b16                __sclose
 *fill*         0x0000000008003b1e        0x2 
 .text._write_r
                0x0000000008003b20       0x24 /usr/local/gcc-arm-none-eabi-8-2018-q4-major/bin/../lib/gcc/arm-none-eabi/8.2.1/../../../../arm-none-eabi/lib/thumb/v7e-m+fp/hard/libc_nano.a(lib_a-writer.o)
                0x0000000008003b20                _write_r
 .text._close_r
                0x0000000008003b44       0x20 /usr/local/gcc-arm-none-eabi-8-2018-q4-major/bin/../lib/gcc/arm-none-eabi/8.2.1/../../../../arm-none-eabi/lib/thumb/v7e-m+fp/hard/libc_nano.a(lib_a-closer.o)
                0x0000000008003b44                _close_r
 .text._fstat_r
                0x0000000008003b64       0x24 /usr/local/gcc-arm-none-eabi-8-2018-q4-major/bin/../lib/gcc/arm-none-eabi/8.2.1/../../../../arm-none-eabi/lib/thumb/v7e-m+fp/hard/libc_nano.a(lib_a-fstatr.o)
                0x0000000008003b64                _fstat_r
 .text._isatty_r
                0x0000000008003b88       0x20 /usr/local/gcc-arm-none-eabi-8-2018-q4-major/bin/../lib/gcc/arm-none-eabi/8.2.1/../../../../arm-none-eabi/lib/thumb/v7e-m+fp/hard/libc_nano.a(lib_a-isattyr.o)
                0x0000000008003b88                _isatty_r
 .text._lseek_r
                0x0000000008003ba8       0x24 /usr/local/gcc-arm-none-eabi-8-2018-q4-major/bin/../lib/gcc/arm-none-eabi/8.2.1/../../../../arm-none-eabi/lib/thumb/v7e-m+fp/hard/libc_nano.a(lib_a-lseekr.o)
                0x0000000008003ba8                _lseek_r
 .text.__malloc_lock
                0x0000000008003bcc        0xc /usr/local/gcc-arm-none-eabi-8-2018-q4-major/bin/../lib/gcc/arm-none-eabi/8.2.1/../../../../arm-none-eabi/lib/thumb/v7e-m+fp/hard/libc_nano.a(lib_a-mlock.o)
                0x0000000008003bcc                __malloc_lock
 .text.__malloc_unlock
                0x0000000008003bd8        0xc /usr/local/gcc-arm-none-eabi-8-2018-q4-major/bin/../lib/gcc/arm-none-eabi/8.2.1/../../../../arm-none-eabi/lib/thumb/v7e-m+fp/hard/libc_nano.a(lib_a-mlock.o)
                0x0000000008003bd8                __malloc_unlock
 .text._read_r  0x0000000008003be4       0x24 /usr/local/gcc-arm-none-eabi-8-2018-q4-major/bin/../lib/gcc/arm-none-eabi/8.2.1/../../../../arm-none-eabi/lib/thumb/v7e-m+fp/hard/libc_nano.a(lib_a-readr.o)
                0x0000000008003be4                _read_r
 .text._close   0x0000000008003c08       0x10 /usr/local/gcc-arm-none-eabi-8-2018-q4-major/bin/../lib/gcc/arm-none-eabi/8.2.1/../../../../arm-none-eabi/lib/thumb/v7e-m+fp/hard/libnosys.a(close.o)
                0x0000000008003c08                _close
 .text._fstat   0x0000000008003c18       0x10 /usr/local/gcc-arm-none-eabi-8-2018-q4-major/bin/../lib/gcc/arm-none-eabi/8.2.1/../../../../arm-none-eabi/lib/thumb/v7e-m+fp/hard/libnosys.a(fstat.o)
                0x0000000008003c18                _fstat
 .text._isatty  0x0000000008003c28       0x10 /usr/local/gcc-arm-none-eabi-8-2018-q4-major/bin/../lib/gcc/arm-none-eabi/8.2.1/../../../../arm-none-eabi/lib/thumb/v7e-m+fp/hard/libnosys.a(isatty.o)
                0x0000000008003c28                _isatty
 .text._lseek   0x0000000008003c38       0x10 /usr/local/gcc-arm-none-eabi-8-2018-q4-major/bin/../lib/gcc/arm-none-eabi/8.2.1/../../../../arm-none-eabi/lib/thumb/v7e-m+fp/hard/libnosys.a(lseek.o)
                0x0000000008003c38                _lseek
 .text._read    0x0000000008003c48       0x10 /usr/local/gcc-arm-none-eabi-8-2018-q4-major/bin/../lib/gcc/arm-none-eabi/8.2.1/../../../../arm-none-eabi/lib/thumb/v7e-m+fp/hard/libnosys.a(read.o)
                0x0000000008003c48                _read
 .text._sbrk    0x0000000008003c58       0x1c /usr/local/gcc-arm-none-eabi-8-2018-q4-major/bin/../lib/gcc/arm-none-eabi/8.2.1/../../../../arm-none-eabi/lib/thumb/v7e-m+fp/hard/libnosys.a(sbrk.o)
                0x0000000008003c58                _sbrk
 *(.glue_7)
 .glue_7        0x0000000008003c74        0x0 linker stubs
 *(.glue_7t)
 .glue_7t       0x0000000008003c74        0x0 linker stubs
 *(.eh_frame)
 .eh_frame      0x0000000008003c74        0x0 /usr/local/gcc-arm-none-eabi-8-2018-q4-major/bin/../lib/gcc/arm-none-eabi/8.2.1/thumb/v7e-m+fp/hard/crtbegin.o
 *(.init)
 .init          0x0000000008003c74        0x4 /usr/local/gcc-arm-none-eabi-8-2018-q4-major/bin/../lib/gcc/arm-none-eabi/8.2.1/thumb/v7e-m+fp/hard/crti.o
                0x0000000008003c74                _init
 .init          0x0000000008003c78        0x8 /usr/local/gcc-arm-none-eabi-8-2018-q4-major/bin/../lib/gcc/arm-none-eabi/8.2.1/thumb/v7e-m+fp/hard/crtn.o
 *(.fini)
 .fini          0x0000000008003c80        0x4 /usr/local/gcc-arm-none-eabi-8-2018-q4-major/bin/../lib/gcc/arm-none-eabi/8.2.1/thumb/v7e-m+fp/hard/crti.o
                0x0000000008003c80                _fini
 .fini          0x0000000008003c84        0x8 /usr/local/gcc-arm-none-eabi-8-2018-q4-major/bin/../lib/gcc/arm-none-eabi/8.2.1/thumb/v7e-m+fp/hard/crtn.o
                0x0000000008003c8c                . = ALIGN (0x4)
                0x0000000008003c8c                _etext = .

.vfp11_veneer   0x0000000008003c8c        0x0
 .vfp11_veneer  0x0000000008003c8c        0x0 linker stubs

.v4_bx          0x0000000008003c8c        0x0
 .v4_bx         0x0000000008003c8c        0x0 linker stubs

.iplt           0x0000000008003c8c        0x0
 .iplt          0x0000000008003c8c        0x0 /usr/local/gcc-arm-none-eabi-8-2018-q4-major/bin/../lib/gcc/arm-none-eabi/8.2.1/thumb/v7e-m+fp/hard/crtbegin.o

.rodata         0x0000000008003c8c      0x1f0
                0x0000000008003c8c                . = ALIGN (0x4)
 *(.rodata)
 *(.rodata*)
 .rodata.MX_USART2_UART_Init.str1.4
                0x0000000008003c8c        0xc build/usart.o
 .rodata.AHBPrescTable
                0x0000000008003c98       0x10 build/system_stm32f3xx.o
                0x0000000008003c98                AHBPrescTable
 .rodata.APBPrescTable
                0x0000000008003ca8        0x8 build/system_stm32f3xx.o
                0x0000000008003ca8                APBPrescTable
 .rodata.SystemClock_Config.str1.4
                0x0000000008003cb0        0xb build/main.o
 *fill*         0x0000000008003cbb        0x1 
 .rodata.configRegs
                0x0000000008003cbc       0x2b build/main.o
 *fill*         0x0000000008003ce7        0x1 
 .rodata.main.str1.4
                0x0000000008003ce8        0xe build/main.o
 *fill*         0x0000000008003cf6        0x2 
 .rodata.radio_loop.str1.4
                0x0000000008003cf8       0x4a build/main.o
                                         0x4e (size before relaxing)
 *fill*         0x0000000008003d42        0x2 
 .rodata.radio_setup.str1.4
                0x0000000008003d44       0x71 build/main.o
 *fill*         0x0000000008003db5        0x3 
 .rodata.MX_SPI2_Init.str1.4
                0x0000000008003db8        0xc build/spi.o
                                          0xa (size before relaxing)
 .rodata.aPLLMULFactorTable
                0x0000000008003dc4       0x10 build/stm32f3xx_hal_rcc.o
                0x0000000008003dc4                aPLLMULFactorTable
 .rodata.aPredivFactorTable
                0x0000000008003dd4       0x10 build/stm32f3xx_hal_rcc.o
                0x0000000008003dd4                aPredivFactorTable
 .rodata._global_impure_ptr
                0x0000000008003de4        0x4 /usr/local/gcc-arm-none-eabi-8-2018-q4-major/bin/../lib/gcc/arm-none-eabi/8.2.1/../../../../arm-none-eabi/lib/thumb/v7e-m+fp/hard/libc_nano.a(lib_a-impure.o)
                0x0000000008003de4                _global_impure_ptr
 .rodata.__sf_fake_stderr
                0x0000000008003de8       0x20 /usr/local/gcc-arm-none-eabi-8-2018-q4-major/bin/../lib/gcc/arm-none-eabi/8.2.1/../../../../arm-none-eabi/lib/thumb/v7e-m+fp/hard/libc_nano.a(lib_a-findfp.o)
                0x0000000008003de8                __sf_fake_stderr
 .rodata.__sf_fake_stdin
                0x0000000008003e08       0x20 /usr/local/gcc-arm-none-eabi-8-2018-q4-major/bin/../lib/gcc/arm-none-eabi/8.2.1/../../../../arm-none-eabi/lib/thumb/v7e-m+fp/hard/libc_nano.a(lib_a-findfp.o)
                0x0000000008003e08                __sf_fake_stdin
 .rodata.__sf_fake_stdout
                0x0000000008003e28       0x20 /usr/local/gcc-arm-none-eabi-8-2018-q4-major/bin/../lib/gcc/arm-none-eabi/8.2.1/../../../../arm-none-eabi/lib/thumb/v7e-m+fp/hard/libc_nano.a(lib_a-findfp.o)
                0x0000000008003e28                __sf_fake_stdout
 .rodata._vfprintf_r.str1.1
                0x0000000008003e48       0x11 /usr/local/gcc-arm-none-eabi-8-2018-q4-major/bin/../lib/gcc/arm-none-eabi/8.2.1/../../../../arm-none-eabi/lib/thumb/v7e-m+fp/hard/libc_nano.a(lib_a-nano-vfprintf.o)
 .rodata._printf_i.str1.1
                0x0000000008003e59       0x22 /usr/local/gcc-arm-none-eabi-8-2018-q4-major/bin/../lib/gcc/arm-none-eabi/8.2.1/../../../../arm-none-eabi/lib/thumb/v7e-m+fp/hard/libc_nano.a(lib_a-nano-vfprintf_i.o)
                0x0000000008003e7c                . = ALIGN (0x4)
 *fill*         0x0000000008003e7b        0x1 

.rel.dyn        0x0000000008003e7c        0x0
 .rel.iplt      0x0000000008003e7c        0x0 /usr/local/gcc-arm-none-eabi-8-2018-q4-major/bin/../lib/gcc/arm-none-eabi/8.2.1/thumb/v7e-m+fp/hard/crtbegin.o

.ARM.extab
 *(.ARM.extab* .gnu.linkonce.armextab.*)

.ARM            0x0000000008003e7c        0x0
                0x0000000008003e7c                __exidx_start = .
 *(.ARM.exidx*)
                0x0000000008003e7c                __exidx_end = .

.preinit_array  0x0000000008003e7c        0x0
                0x0000000008003e7c                PROVIDE (__preinit_array_start = .)
 *(.preinit_array*)
                0x0000000008003e7c                PROVIDE (__preinit_array_end = .)

.init_array     0x0000000008003e7c        0x4
                0x0000000008003e7c                PROVIDE (__init_array_start = .)
 *(SORT_BY_NAME(.init_array.*))
 *(.init_array*)
 .init_array    0x0000000008003e7c        0x4 /usr/local/gcc-arm-none-eabi-8-2018-q4-major/bin/../lib/gcc/arm-none-eabi/8.2.1/thumb/v7e-m+fp/hard/crtbegin.o
                0x0000000008003e80                PROVIDE (__init_array_end = .)

.fini_array     0x0000000008003e80        0x4
                [!provide]                        PROVIDE (__fini_array_start = .)
 *(SORT_BY_NAME(.fini_array.*))
 *(.fini_array*)
 .fini_array    0x0000000008003e80        0x4 /usr/local/gcc-arm-none-eabi-8-2018-q4-major/bin/../lib/gcc/arm-none-eabi/8.2.1/thumb/v7e-m+fp/hard/crtbegin.o
                [!provide]                        PROVIDE (__fini_array_end = .)
                0x0000000008003e84                _sidata = LOADADDR (.data)

.data           0x0000000020000000       0x68 load address 0x0000000008003e84
                0x0000000020000000                . = ALIGN (0x4)
                0x0000000020000000                _sdata = .
 *(.data)
 *(.data*)
 .data.SystemCoreClock
                0x0000000020000000        0x4 build/system_stm32f3xx.o
                0x0000000020000000                SystemCoreClock
 .data._impure_ptr
                0x0000000020000004        0x4 /usr/local/gcc-arm-none-eabi-8-2018-q4-major/bin/../lib/gcc/arm-none-eabi/8.2.1/../../../../arm-none-eabi/lib/thumb/v7e-m+fp/hard/libc_nano.a(lib_a-impure.o)
                0x0000000020000004                _impure_ptr
 .data.impure_data
                0x0000000020000008       0x60 /usr/local/gcc-arm-none-eabi-8-2018-q4-major/bin/../lib/gcc/arm-none-eabi/8.2.1/../../../../arm-none-eabi/lib/thumb/v7e-m+fp/hard/libc_nano.a(lib_a-impure.o)
                0x0000000020000068                . = ALIGN (0x4)
                0x0000000020000068                _edata = .
                0x0000000008003eec                _siccmram = LOADADDR (.ccmram)

.igot.plt       0x0000000020000068        0x0 load address 0x0000000008003eec
 .igot.plt      0x0000000020000068        0x0 /usr/local/gcc-arm-none-eabi-8-2018-q4-major/bin/../lib/gcc/arm-none-eabi/8.2.1/thumb/v7e-m+fp/hard/crtbegin.o

.ccmram         0x0000000010000000        0x0 load address 0x0000000008003eec
                0x0000000010000000                . = ALIGN (0x4)
                0x0000000010000000                _sccmram = .
 *(.ccmram)
 *(.ccmram*)
                0x0000000010000000                . = ALIGN (0x4)
                0x0000000010000000                _eccmram = .
                0x0000000010000000                . = ALIGN (0x4)

.bss            0x0000000020000068      0x19c
                0x0000000020000068                _sbss = .
                0x0000000020000068                __bss_start__ = _sbss
 *(.bss)
 .bss           0x0000000020000068       0x1c /usr/local/gcc-arm-none-eabi-8-2018-q4-major/bin/../lib/gcc/arm-none-eabi/8.2.1/thumb/v7e-m+fp/hard/crtbegin.o
 *(.bss*)
 .bss.lastFlag.8941
                0x0000000020000084        0x1 build/main.o
 *fill*         0x0000000020000085        0x3 
 .bss.__malloc_free_list
                0x0000000020000088        0x4 /usr/local/gcc-arm-none-eabi-8-2018-q4-major/bin/../lib/gcc/arm-none-eabi/8.2.1/../../../../arm-none-eabi/lib/thumb/v7e-m+fp/hard/libc_nano.a(lib_a-nano-mallocr.o)
                0x0000000020000088                __malloc_free_list
 .bss.__malloc_sbrk_start
                0x000000002000008c        0x4 /usr/local/gcc-arm-none-eabi-8-2018-q4-major/bin/../lib/gcc/arm-none-eabi/8.2.1/../../../../arm-none-eabi/lib/thumb/v7e-m+fp/hard/libc_nano.a(lib_a-nano-mallocr.o)
                0x000000002000008c                __malloc_sbrk_start
 .bss.heap_end.5501
                0x0000000020000090        0x4 /usr/local/gcc-arm-none-eabi-8-2018-q4-major/bin/../lib/gcc/arm-none-eabi/8.2.1/../../../../arm-none-eabi/lib/thumb/v7e-m+fp/hard/libnosys.a(sbrk.o)
 *(COMMON)
 COMMON         0x0000000020000094       0x70 build/usart.o
                0x0000000020000094                huart2
 COMMON         0x0000000020000104       0x88 build/main.o
                0x0000000020000104                parity
                0x0000000020000108                txBuf
                0x0000000020000146                myId
                0x0000000020000147                mode
                0x0000000020000148                rxBuf
                0x0000000020000188                afc
                0x000000002000018a                rssi
                0x000000002000018b                lna
 COMMON         0x000000002000018c       0x64 build/spi.o
                0x000000002000018c                hspi2
 COMMON         0x00000000200001f0        0x4 build/stm32f3xx_hal.o
                0x00000000200001f0                uwTick
 COMMON         0x00000000200001f4        0x9 /usr/local/gcc-arm-none-eabi-8-2018-q4-major/bin/../lib/gcc/arm-none-eabi/8.2.1/../../../../arm-none-eabi/lib/thumb/v7e-m+fp/hard/libc_nano.a(lib_a-lock.o)
                0x00000000200001f4                __lock___atexit_recursive_mutex
                0x00000000200001f5                __lock___arc4random_mutex
                0x00000000200001f6                __lock___env_recursive_mutex
                0x00000000200001f7                __lock___sinit_recursive_mutex
                0x00000000200001f8                __lock___malloc_recursive_mutex
                0x00000000200001f9                __lock___at_quick_exit_mutex
                0x00000000200001fa                __lock___dd_hash_mutex
                0x00000000200001fb                __lock___tz_mutex
                0x00000000200001fc                __lock___sfp_recursive_mutex
 *fill*         0x00000000200001fd        0x3 
 COMMON         0x0000000020000200        0x4 /usr/local/gcc-arm-none-eabi-8-2018-q4-major/bin/../lib/gcc/arm-none-eabi/8.2.1/../../../../arm-none-eabi/lib/thumb/v7e-m+fp/hard/libc_nano.a(lib_a-reent.o)
                0x0000000020000200                errno
                0x0000000020000204                . = ALIGN (0x4)
                0x0000000020000204                _ebss = .
                0x0000000020000204                __bss_end__ = _ebss

._user_heap_stack
                0x0000000020000204      0x604
                0x0000000020000208                . = ALIGN (0x8)
 *fill*         0x0000000020000204        0x4 
                0x0000000020000208                PROVIDE (end = .)
                [!provide]                        PROVIDE (_end = .)
                0x0000000020000408                . = (. + _Min_Heap_Size)
 *fill*         0x0000000020000208      0x200 
                0x0000000020000808                . = (. + _Min_Stack_Size)
 *fill*         0x0000000020000408      0x400 
                0x0000000020000808                . = ALIGN (0x8)

/DISCARD/
 libc.a(*)
 libm.a(*)
 libgcc.a(*)

.ARM.attributes
                0x0000000000000000       0x30
 *(.ARM.attributes)
 .ARM.attributes
                0x0000000000000000       0x1e /usr/local/gcc-arm-none-eabi-8-2018-q4-major/bin/../lib/gcc/arm-none-eabi/8.2.1/thumb/v7e-m+fp/hard/crti.o
 .ARM.attributes
                0x000000000000001e       0x34 /usr/local/gcc-arm-none-eabi-8-2018-q4-major/bin/../lib/gcc/arm-none-eabi/8.2.1/thumb/v7e-m+fp/hard/crtbegin.o
 .ARM.attributes
                0x0000000000000052       0x34 build/usart.o
 .ARM.attributes
                0x0000000000000086       0x34 build/system_stm32f3xx.o
 .ARM.attributes
                0x00000000000000ba       0x34 build/main.o
 .ARM.attributes
                0x00000000000000ee       0x34 build/spi.o
 .ARM.attributes
                0x0000000000000122       0x34 build/stm32f3xx_hal_msp.o
 .ARM.attributes
                0x0000000000000156       0x34 build/gpio.o
 .ARM.attributes
                0x000000000000018a       0x34 build/stm32f3xx_it.o
 .ARM.attributes
                0x00000000000001be       0x34 build/stm32f3xx_hal_spi.o
 .ARM.attributes
                0x00000000000001f2       0x34 build/stm32f3xx_hal_rcc_ex.o
 .ARM.attributes
                0x0000000000000226       0x34 build/stm32f3xx_hal_gpio.o
 .ARM.attributes
                0x000000000000025a       0x34 build/stm32f3xx_hal_uart.o
 .ARM.attributes
                0x000000000000028e       0x34 build/stm32f3xx_hal.o
 .ARM.attributes
                0x00000000000002c2       0x34 build/stm32f3xx_hal_cortex.o
 .ARM.attributes
                0x00000000000002f6       0x34 build/stm32f3xx_hal_rcc.o
 .ARM.attributes
                0x000000000000032a       0x21 build/startup_stm32f303xe.o
 .ARM.attributes
                0x000000000000034b       0x32 /usr/local/gcc-arm-none-eabi-8-2018-q4-major/bin/../lib/gcc/arm-none-eabi/8.2.1/../../../../arm-none-eabi/lib/thumb/v7e-m+fp/hard/libc_nano.a(lib_a-impure.o)
 .ARM.attributes
                0x000000000000037d       0x34 /usr/local/gcc-arm-none-eabi-8-2018-q4-major/bin/../lib/gcc/arm-none-eabi/8.2.1/../../../../arm-none-eabi/lib/thumb/v7e-m+fp/hard/libc_nano.a(lib_a-init.o)
 .ARM.attributes
                0x00000000000003b1       0x34 /usr/local/gcc-arm-none-eabi-8-2018-q4-major/bin/../lib/gcc/arm-none-eabi/8.2.1/../../../../arm-none-eabi/lib/thumb/v7e-m+fp/hard/libc_nano.a(lib_a-memset.o)
 .ARM.attributes
                0x00000000000003e5       0x34 /usr/local/gcc-arm-none-eabi-8-2018-q4-major/bin/../lib/gcc/arm-none-eabi/8.2.1/../../../../arm-none-eabi/lib/thumb/v7e-m+fp/hard/libc_nano.a(lib_a-printf.o)
 .ARM.attributes
                0x0000000000000419       0x34 /usr/local/gcc-arm-none-eabi-8-2018-q4-major/bin/../lib/gcc/arm-none-eabi/8.2.1/../../../../arm-none-eabi/lib/thumb/v7e-m+fp/hard/libc_nano.a(lib_a-putchar.o)
 .ARM.attributes
                0x000000000000044d       0x34 /usr/local/gcc-arm-none-eabi-8-2018-q4-major/bin/../lib/gcc/arm-none-eabi/8.2.1/../../../../arm-none-eabi/lib/thumb/v7e-m+fp/hard/libc_nano.a(lib_a-puts.o)
 .ARM.attributes
                0x0000000000000481       0x34 /usr/local/gcc-arm-none-eabi-8-2018-q4-major/bin/../lib/gcc/arm-none-eabi/8.2.1/../../../../arm-none-eabi/lib/thumb/v7e-m+fp/hard/libc_nano.a(lib_a-wbuf.o)
 .ARM.attributes
                0x00000000000004b5       0x34 /usr/local/gcc-arm-none-eabi-8-2018-q4-major/bin/../lib/gcc/arm-none-eabi/8.2.1/../../../../arm-none-eabi/lib/thumb/v7e-m+fp/hard/libc_nano.a(lib_a-wsetup.o)
 .ARM.attributes
                0x00000000000004e9       0x34 /usr/local/gcc-arm-none-eabi-8-2018-q4-major/bin/../lib/gcc/arm-none-eabi/8.2.1/../../../../arm-none-eabi/lib/thumb/v7e-m+fp/hard/libc_nano.a(lib_a-fflush.o)
 .ARM.attributes
                0x000000000000051d       0x34 /usr/local/gcc-arm-none-eabi-8-2018-q4-major/bin/../lib/gcc/arm-none-eabi/8.2.1/../../../../arm-none-eabi/lib/thumb/v7e-m+fp/hard/libc_nano.a(lib_a-findfp.o)
 .ARM.attributes
                0x0000000000000551       0x34 /usr/local/gcc-arm-none-eabi-8-2018-q4-major/bin/../lib/gcc/arm-none-eabi/8.2.1/../../../../arm-none-eabi/lib/thumb/v7e-m+fp/hard/libc_nano.a(lib_a-fwalk.o)
 .ARM.attributes
                0x0000000000000585       0x34 /usr/local/gcc-arm-none-eabi-8-2018-q4-major/bin/../lib/gcc/arm-none-eabi/8.2.1/../../../../arm-none-eabi/lib/thumb/v7e-m+fp/hard/libc_nano.a(lib_a-lock.o)
 .ARM.attributes
                0x00000000000005b9       0x34 /usr/local/gcc-arm-none-eabi-8-2018-q4-major/bin/../lib/gcc/arm-none-eabi/8.2.1/../../../../arm-none-eabi/lib/thumb/v7e-m+fp/hard/libc_nano.a(lib_a-makebuf.o)
 .ARM.attributes
                0x00000000000005ed       0x34 /usr/local/gcc-arm-none-eabi-8-2018-q4-major/bin/../lib/gcc/arm-none-eabi/8.2.1/../../../../arm-none-eabi/lib/thumb/v7e-m+fp/hard/libc_nano.a(lib_a-nano-freer.o)
 .ARM.attributes
                0x0000000000000621       0x34 /usr/local/gcc-arm-none-eabi-8-2018-q4-major/bin/../lib/gcc/arm-none-eabi/8.2.1/../../../../arm-none-eabi/lib/thumb/v7e-m+fp/hard/libc_nano.a(lib_a-nano-mallocr.o)
 .ARM.attributes
                0x0000000000000655       0x34 /usr/local/gcc-arm-none-eabi-8-2018-q4-major/bin/../lib/gcc/arm-none-eabi/8.2.1/../../../../arm-none-eabi/lib/thumb/v7e-m+fp/hard/libc_nano.a(lib_a-nano-vfprintf.o)
 .ARM.attributes
                0x0000000000000689       0x34 /usr/local/gcc-arm-none-eabi-8-2018-q4-major/bin/../lib/gcc/arm-none-eabi/8.2.1/../../../../arm-none-eabi/lib/thumb/v7e-m+fp/hard/libc_nano.a(lib_a-nano-vfprintf_i.o)
 .ARM.attributes
                0x00000000000006bd       0x34 /usr/local/gcc-arm-none-eabi-8-2018-q4-major/bin/../lib/gcc/arm-none-eabi/8.2.1/../../../../arm-none-eabi/lib/thumb/v7e-m+fp/hard/libc_nano.a(lib_a-putc.o)
 .ARM.attributes
                0x00000000000006f1       0x34 /usr/local/gcc-arm-none-eabi-8-2018-q4-major/bin/../lib/gcc/arm-none-eabi/8.2.1/../../../../arm-none-eabi/lib/thumb/v7e-m+fp/hard/libc_nano.a(lib_a-sbrkr.o)
 .ARM.attributes
                0x0000000000000725       0x34 /usr/local/gcc-arm-none-eabi-8-2018-q4-major/bin/../lib/gcc/arm-none-eabi/8.2.1/../../../../arm-none-eabi/lib/thumb/v7e-m+fp/hard/libc_nano.a(lib_a-stdio.o)
 .ARM.attributes
                0x0000000000000759       0x34 /usr/local/gcc-arm-none-eabi-8-2018-q4-major/bin/../lib/gcc/arm-none-eabi/8.2.1/../../../../arm-none-eabi/lib/thumb/v7e-m+fp/hard/libc_nano.a(lib_a-writer.o)
 .ARM.attributes
                0x000000000000078d       0x34 /usr/local/gcc-arm-none-eabi-8-2018-q4-major/bin/../lib/gcc/arm-none-eabi/8.2.1/../../../../arm-none-eabi/lib/thumb/v7e-m+fp/hard/libc_nano.a(lib_a-closer.o)
 .ARM.attributes
                0x00000000000007c1       0x34 /usr/local/gcc-arm-none-eabi-8-2018-q4-major/bin/../lib/gcc/arm-none-eabi/8.2.1/../../../../arm-none-eabi/lib/thumb/v7e-m+fp/hard/libc_nano.a(lib_a-fstatr.o)
 .ARM.attributes
                0x00000000000007f5       0x34 /usr/local/gcc-arm-none-eabi-8-2018-q4-major/bin/../lib/gcc/arm-none-eabi/8.2.1/../../../../arm-none-eabi/lib/thumb/v7e-m+fp/hard/libc_nano.a(lib_a-isattyr.o)
 .ARM.attributes
                0x0000000000000829       0x34 /usr/local/gcc-arm-none-eabi-8-2018-q4-major/bin/../lib/gcc/arm-none-eabi/8.2.1/../../../../arm-none-eabi/lib/thumb/v7e-m+fp/hard/libc_nano.a(lib_a-lseekr.o)
 .ARM.attributes
                0x000000000000085d       0x1c /usr/local/gcc-arm-none-eabi-8-2018-q4-major/bin/../lib/gcc/arm-none-eabi/8.2.1/../../../../arm-none-eabi/lib/thumb/v7e-m+fp/hard/libc_nano.a(lib_a-memchr.o)
 .ARM.attributes
                0x0000000000000879       0x34 /usr/local/gcc-arm-none-eabi-8-2018-q4-major/bin/../lib/gcc/arm-none-eabi/8.2.1/../../../../arm-none-eabi/lib/thumb/v7e-m+fp/hard/libc_nano.a(lib_a-mlock.o)
 .ARM.attributes
                0x00000000000008ad       0x34 /usr/local/gcc-arm-none-eabi-8-2018-q4-major/bin/../lib/gcc/arm-none-eabi/8.2.1/../../../../arm-none-eabi/lib/thumb/v7e-m+fp/hard/libc_nano.a(lib_a-readr.o)
 .ARM.attributes
                0x00000000000008e1       0x34 /usr/local/gcc-arm-none-eabi-8-2018-q4-major/bin/../lib/gcc/arm-none-eabi/8.2.1/../../../../arm-none-eabi/lib/thumb/v7e-m+fp/hard/libc_nano.a(lib_a-reent.o)
 .ARM.attributes
                0x0000000000000915       0x34 /usr/local/gcc-arm-none-eabi-8-2018-q4-major/bin/../lib/gcc/arm-none-eabi/8.2.1/../../../../arm-none-eabi/lib/thumb/v7e-m+fp/hard/libnosys.a(close.o)
 .ARM.attributes
                0x0000000000000949       0x34 /usr/local/gcc-arm-none-eabi-8-2018-q4-major/bin/../lib/gcc/arm-none-eabi/8.2.1/../../../../arm-none-eabi/lib/thumb/v7e-m+fp/hard/libnosys.a(fstat.o)
 .ARM.attributes
                0x000000000000097d       0x34 /usr/local/gcc-arm-none-eabi-8-2018-q4-major/bin/../lib/gcc/arm-none-eabi/8.2.1/../../../../arm-none-eabi/lib/thumb/v7e-m+fp/hard/libnosys.a(isatty.o)
 .ARM.attributes
                0x00000000000009b1       0x34 /usr/local/gcc-arm-none-eabi-8-2018-q4-major/bin/../lib/gcc/arm-none-eabi/8.2.1/../../../../arm-none-eabi/lib/thumb/v7e-m+fp/hard/libnosys.a(lseek.o)
 .ARM.attributes
                0x00000000000009e5       0x34 /usr/local/gcc-arm-none-eabi-8-2018-q4-major/bin/../lib/gcc/arm-none-eabi/8.2.1/../../../../arm-none-eabi/lib/thumb/v7e-m+fp/hard/libnosys.a(read.o)
 .ARM.attributes
                0x0000000000000a19       0x34 /usr/local/gcc-arm-none-eabi-8-2018-q4-major/bin/../lib/gcc/arm-none-eabi/8.2.1/../../../../arm-none-eabi/lib/thumb/v7e-m+fp/hard/libnosys.a(sbrk.o)
 .ARM.attributes
                0x0000000000000a4d       0x1e /usr/local/gcc-arm-none-eabi-8-2018-q4-major/bin/../lib/gcc/arm-none-eabi/8.2.1/thumb/v7e-m+fp/hard/libgcc.a(_arm_addsubdf3.o)
 .ARM.attributes
                0x0000000000000a6b       0x1e /usr/local/gcc-arm-none-eabi-8-2018-q4-major/bin/../lib/gcc/arm-none-eabi/8.2.1/thumb/v7e-m+fp/hard/libgcc.a(_arm_muldivdf3.o)
 .ARM.attributes
                0x0000000000000a89       0x1e /usr/local/gcc-arm-none-eabi-8-2018-q4-major/bin/../lib/gcc/arm-none-eabi/8.2.1/thumb/v7e-m+fp/hard/crtn.o
OUTPUT(build/RFM69.elf elf32-littlearm)

.debug_info     0x0000000000000000    0x14ff8
 .debug_info    0x0000000000000000     0x15ab build/usart.o
 .debug_info    0x00000000000015ab      0xe24 build/system_stm32f3xx.o
 .debug_info    0x00000000000023cf     0x26a1 build/main.o
 .debug_info    0x0000000000004a70     0x1447 build/spi.o
 .debug_info    0x0000000000005eb7      0xecc build/stm32f3xx_hal_msp.o
 .debug_info    0x0000000000006d83      0xee4 build/gpio.o
 .debug_info    0x0000000000007c67      0xba3 build/stm32f3xx_it.o
 .debug_info    0x000000000000880a     0x2b9c build/stm32f3xx_hal_spi.o
 .debug_info    0x000000000000b3a6     0x12e8 build/stm32f3xx_hal_rcc_ex.o
 .debug_info    0x000000000000c68e     0x1243 build/stm32f3xx_hal_gpio.o
 .debug_info    0x000000000000d8d1     0x27bf build/stm32f3xx_hal_uart.o
 .debug_info    0x0000000000010090     0x1256 build/stm32f3xx_hal.o
 .debug_info    0x00000000000112e6     0x1ae6 build/stm32f3xx_hal_cortex.o
 .debug_info    0x0000000000012dcc     0x220a build/stm32f3xx_hal_rcc.o
 .debug_info    0x0000000000014fd6       0x22 build/startup_stm32f303xe.o

.debug_abbrev   0x0000000000000000     0x29b1
 .debug_abbrev  0x0000000000000000      0x2a2 build/usart.o
 .debug_abbrev  0x00000000000002a2      0x21a build/system_stm32f3xx.o
 .debug_abbrev  0x00000000000004bc      0x3c8 build/main.o
 .debug_abbrev  0x0000000000000884      0x28e build/spi.o
 .debug_abbrev  0x0000000000000b12      0x242 build/stm32f3xx_hal_msp.o
 .debug_abbrev  0x0000000000000d54      0x239 build/gpio.o
 .debug_abbrev  0x0000000000000f8d      0x1f1 build/stm32f3xx_it.o
 .debug_abbrev  0x000000000000117e      0x342 build/stm32f3xx_hal_spi.o
 .debug_abbrev  0x00000000000014c0      0x385 build/stm32f3xx_hal_rcc_ex.o
 .debug_abbrev  0x0000000000001845      0x30a build/stm32f3xx_hal_gpio.o
 .debug_abbrev  0x0000000000001b4f      0x358 build/stm32f3xx_hal_uart.o
 .debug_abbrev  0x0000000000001ea7      0x2ee build/stm32f3xx_hal.o
 .debug_abbrev  0x0000000000002195      0x444 build/stm32f3xx_hal_cortex.o
 .debug_abbrev  0x00000000000025d9      0x3c6 build/stm32f3xx_hal_rcc.o
 .debug_abbrev  0x000000000000299f       0x12 build/startup_stm32f303xe.o

.debug_loc      0x0000000000000000     0x7ddc
 .debug_loc     0x0000000000000000      0x225 build/usart.o
 .debug_loc     0x0000000000000225      0x124 build/system_stm32f3xx.o
 .debug_loc     0x0000000000000349      0x801 build/main.o
 .debug_loc     0x0000000000000b4a      0x13a build/spi.o
 .debug_loc     0x0000000000000c84       0x38 build/stm32f3xx_hal_msp.o
 .debug_loc     0x0000000000000cbc       0x39 build/gpio.o
 .debug_loc     0x0000000000000cf5       0x20 build/stm32f3xx_it.o
 .debug_loc     0x0000000000000d15     0x2838 build/stm32f3xx_hal_spi.o
 .debug_loc     0x000000000000354d      0xdda build/stm32f3xx_hal_rcc_ex.o
 .debug_loc     0x0000000000004327      0x4c3 build/stm32f3xx_hal_gpio.o
 .debug_loc     0x00000000000047ea     0x1eb6 build/stm32f3xx_hal_uart.o
 .debug_loc     0x00000000000066a0      0x124 build/stm32f3xx_hal.o
 .debug_loc     0x00000000000067c4      0x790 build/stm32f3xx_hal_cortex.o
 .debug_loc     0x0000000000006f54      0xe88 build/stm32f3xx_hal_rcc.o

.debug_aranges  0x0000000000000000      0x860
 .debug_aranges
                0x0000000000000000       0x48 build/usart.o
 .debug_aranges
                0x0000000000000048       0x28 build/system_stm32f3xx.o
 .debug_aranges
                0x0000000000000070       0xa0 build/main.o
 .debug_aranges
                0x0000000000000110       0x38 build/spi.o
 .debug_aranges
                0x0000000000000148       0x20 build/stm32f3xx_hal_msp.o
 .debug_aranges
                0x0000000000000168       0x20 build/gpio.o
 .debug_aranges
                0x0000000000000188       0x60 build/stm32f3xx_it.o
 .debug_aranges
                0x00000000000001e8      0x1d8 build/stm32f3xx_hal_spi.o
 .debug_aranges
                0x00000000000003c0       0x38 build/stm32f3xx_hal_rcc_ex.o
 .debug_aranges
                0x00000000000003f8       0x58 build/stm32f3xx_hal_gpio.o
 .debug_aranges
                0x0000000000000450      0x1f0 build/stm32f3xx_hal_uart.o
 .debug_aranges
                0x0000000000000640       0xc8 build/stm32f3xx_hal.o
 .debug_aranges
                0x0000000000000708       0xa8 build/stm32f3xx_hal_cortex.o
 .debug_aranges
                0x00000000000007b0       0x88 build/stm32f3xx_hal_rcc.o
 .debug_aranges
                0x0000000000000838       0x28 build/startup_stm32f303xe.o

.debug_ranges   0x0000000000000000      0x858
 .debug_ranges  0x0000000000000000       0x38 build/usart.o
 .debug_ranges  0x0000000000000038       0x18 build/system_stm32f3xx.o
 .debug_ranges  0x0000000000000050       0xf0 build/main.o
 .debug_ranges  0x0000000000000140       0x28 build/spi.o
 .debug_ranges  0x0000000000000168       0x10 build/stm32f3xx_hal_msp.o
 .debug_ranges  0x0000000000000178       0x10 build/gpio.o
 .debug_ranges  0x0000000000000188       0x50 build/stm32f3xx_it.o
 .debug_ranges  0x00000000000001d8      0x1c8 build/stm32f3xx_hal_spi.o
 .debug_ranges  0x00000000000003a0       0x40 build/stm32f3xx_hal_rcc_ex.o
 .debug_ranges  0x00000000000003e0       0x48 build/stm32f3xx_hal_gpio.o
 .debug_ranges  0x0000000000000428      0x1e0 build/stm32f3xx_hal_uart.o
 .debug_ranges  0x0000000000000608       0xb8 build/stm32f3xx_hal.o
 .debug_ranges  0x00000000000006c0       0xe0 build/stm32f3xx_hal_cortex.o
 .debug_ranges  0x00000000000007a0       0x98 build/stm32f3xx_hal_rcc.o
 .debug_ranges  0x0000000000000838       0x20 build/startup_stm32f303xe.o

.debug_line     0x0000000000000000     0x933f
 .debug_line    0x0000000000000000      0x412 build/usart.o
 .debug_line    0x0000000000000412      0x2f4 build/system_stm32f3xx.o
 .debug_line    0x0000000000000706      0x8c0 build/main.o
 .debug_line    0x0000000000000fc6      0x39a build/spi.o
 .debug_line    0x0000000000001360      0x23d build/stm32f3xx_hal_msp.o
 .debug_line    0x000000000000159d      0x315 build/gpio.o
 .debug_line    0x00000000000018b2      0x2f3 build/stm32f3xx_it.o
 .debug_line    0x0000000000001ba5     0x26ba build/stm32f3xx_hal_spi.o
 .debug_line    0x000000000000425f      0xe83 build/stm32f3xx_hal_rcc_ex.o
 .debug_line    0x00000000000050e2      0x73a build/stm32f3xx_hal_gpio.o
 .debug_line    0x000000000000581c     0x1d76 build/stm32f3xx_hal_uart.o
 .debug_line    0x0000000000007592      0x4c5 build/stm32f3xx_hal.o
 .debug_line    0x0000000000007a57      0x758 build/stm32f3xx_hal_cortex.o
 .debug_line    0x00000000000081af     0x111c build/stm32f3xx_hal_rcc.o
 .debug_line    0x00000000000092cb       0x74 build/startup_stm32f303xe.o

.debug_str      0x0000000000000000     0x2e5f
 .debug_str     0x0000000000000000      0xb4e build/usart.o
                                        0xc02 (size before relaxing)
 .debug_str     0x0000000000000b4e       0xb5 build/system_stm32f3xx.o
                                        0x6ed (size before relaxing)
 .debug_str     0x0000000000000c03      0xb79 build/main.o
                                       0x1690 (size before relaxing)
 .debug_str     0x000000000000177c       0x6b build/spi.o
                                        0xb68 (size before relaxing)
 .debug_str     0x00000000000017e7       0x41 build/stm32f3xx_hal_msp.o
                                        0xb32 (size before relaxing)
 .debug_str     0x0000000000001828       0x27 build/gpio.o
                                        0x714 (size before relaxing)
 .debug_str     0x000000000000184f       0xc6 build/stm32f3xx_it.o
                                        0x6ab (size before relaxing)
 .debug_str     0x0000000000001915      0x55d build/stm32f3xx_hal_spi.o
                                        0xfb6 (size before relaxing)
 .debug_str     0x0000000000001e72      0x14d build/stm32f3xx_hal_rcc_ex.o
                                        0x9fc (size before relaxing)
 .debug_str     0x0000000000001fbf      0x199 build/stm32f3xx_hal_gpio.o
                                        0x909 (size before relaxing)
 .debug_str     0x0000000000002158      0x664 build/stm32f3xx_hal_uart.o
                                       0x1285 (size before relaxing)
 .debug_str     0x00000000000027bc      0x20a build/stm32f3xx_hal.o
                                        0xd9e (size before relaxing)
 .debug_str     0x00000000000029c6      0x33e build/stm32f3xx_hal_cortex.o
                                        0xff1 (size before relaxing)
 .debug_str     0x0000000000002d04      0x136 build/stm32f3xx_hal_rcc.o
                                        0xa68 (size before relaxing)
 .debug_str     0x0000000000002e3a       0x25 build/startup_stm32f303xe.o
                                         0x66 (size before relaxing)

.comment        0x0000000000000000       0x75
 .comment       0x0000000000000000       0x75 build/usart.o
                                         0x76 (size before relaxing)
 .comment       0x0000000000000075       0x76 build/system_stm32f3xx.o
 .comment       0x0000000000000075       0x76 build/main.o
 .comment       0x0000000000000075       0x76 build/spi.o
 .comment       0x0000000000000075       0x76 build/stm32f3xx_hal_msp.o
 .comment       0x0000000000000075       0x76 build/gpio.o
 .comment       0x0000000000000075       0x76 build/stm32f3xx_it.o
 .comment       0x0000000000000075       0x76 build/stm32f3xx_hal_spi.o
 .comment       0x0000000000000075       0x76 build/stm32f3xx_hal_rcc_ex.o
 .comment       0x0000000000000075       0x76 build/stm32f3xx_hal_gpio.o
 .comment       0x0000000000000075       0x76 build/stm32f3xx_hal_uart.o
 .comment       0x0000000000000075       0x76 build/stm32f3xx_hal.o
 .comment       0x0000000000000075       0x76 build/stm32f3xx_hal_cortex.o
 .comment       0x0000000000000075       0x76 build/stm32f3xx_hal_rcc.o

.debug_frame    0x0000000000000000     0x2188
 .debug_frame   0x0000000000000000       0xb8 build/usart.o
 .debug_frame   0x00000000000000b8       0x30 build/system_stm32f3xx.o
 .debug_frame   0x00000000000000e8      0x214 build/main.o
 .debug_frame   0x00000000000002fc       0x80 build/spi.o
 .debug_frame   0x000000000000037c       0x2c build/stm32f3xx_hal_msp.o
 .debug_frame   0x00000000000003a8       0x3c build/gpio.o
 .debug_frame   0x00000000000003e4       0xac build/stm32f3xx_it.o
 .debug_frame   0x0000000000000490      0x668 build/stm32f3xx_hal_spi.o
 .debug_frame   0x0000000000000af8       0x8c build/stm32f3xx_hal_rcc_ex.o
 .debug_frame   0x0000000000000b84      0x10c build/stm32f3xx_hal_gpio.o
 .debug_frame   0x0000000000000c90      0x5f8 build/stm32f3xx_hal_uart.o
 .debug_frame   0x0000000000001288      0x1a8 build/stm32f3xx_hal.o
 .debug_frame   0x0000000000001430      0x16c build/stm32f3xx_hal_cortex.o
 .debug_frame   0x000000000000159c      0x174 build/stm32f3xx_hal_rcc.o
 .debug_frame   0x0000000000001710       0x2c /usr/local/gcc-arm-none-eabi-8-2018-q4-major/bin/../lib/gcc/arm-none-eabi/8.2.1/../../../../arm-none-eabi/lib/thumb/v7e-m+fp/hard/libc_nano.a(lib_a-init.o)
 .debug_frame   0x000000000000173c       0x20 /usr/local/gcc-arm-none-eabi-8-2018-q4-major/bin/../lib/gcc/arm-none-eabi/8.2.1/../../../../arm-none-eabi/lib/thumb/v7e-m+fp/hard/libc_nano.a(lib_a-memset.o)
 .debug_frame   0x000000000000175c       0x74 /usr/local/gcc-arm-none-eabi-8-2018-q4-major/bin/../lib/gcc/arm-none-eabi/8.2.1/../../../../arm-none-eabi/lib/thumb/v7e-m+fp/hard/libc_nano.a(lib_a-printf.o)
 .debug_frame   0x00000000000017d0       0x58 /usr/local/gcc-arm-none-eabi-8-2018-q4-major/bin/../lib/gcc/arm-none-eabi/8.2.1/../../../../arm-none-eabi/lib/thumb/v7e-m+fp/hard/libc_nano.a(lib_a-putchar.o)
 .debug_frame   0x0000000000001828       0x3c /usr/local/gcc-arm-none-eabi-8-2018-q4-major/bin/../lib/gcc/arm-none-eabi/8.2.1/../../../../arm-none-eabi/lib/thumb/v7e-m+fp/hard/libc_nano.a(lib_a-puts.o)
 .debug_frame   0x0000000000001864       0x40 /usr/local/gcc-arm-none-eabi-8-2018-q4-major/bin/../lib/gcc/arm-none-eabi/8.2.1/../../../../arm-none-eabi/lib/thumb/v7e-m+fp/hard/libc_nano.a(lib_a-wbuf.o)
 .debug_frame   0x00000000000018a4       0x2c /usr/local/gcc-arm-none-eabi-8-2018-q4-major/bin/../lib/gcc/arm-none-eabi/8.2.1/../../../../arm-none-eabi/lib/thumb/v7e-m+fp/hard/libc_nano.a(lib_a-wsetup.o)
 .debug_frame   0x00000000000018d0       0x5c /usr/local/gcc-arm-none-eabi-8-2018-q4-major/bin/../lib/gcc/arm-none-eabi/8.2.1/../../../../arm-none-eabi/lib/thumb/v7e-m+fp/hard/libc_nano.a(lib_a-fflush.o)
 .debug_frame   0x000000000000192c      0x14c /usr/local/gcc-arm-none-eabi-8-2018-q4-major/bin/../lib/gcc/arm-none-eabi/8.2.1/../../../../arm-none-eabi/lib/thumb/v7e-m+fp/hard/libc_nano.a(lib_a-findfp.o)
 .debug_frame   0x0000000000001a78       0x54 /usr/local/gcc-arm-none-eabi-8-2018-q4-major/bin/../lib/gcc/arm-none-eabi/8.2.1/../../../../arm-none-eabi/lib/thumb/v7e-m+fp/hard/libc_nano.a(lib_a-fwalk.o)
 .debug_frame   0x0000000000001acc       0xb0 /usr/local/gcc-arm-none-eabi-8-2018-q4-major/bin/../lib/gcc/arm-none-eabi/8.2.1/../../../../arm-none-eabi/lib/thumb/v7e-m+fp/hard/libc_nano.a(lib_a-lock.o)
 .debug_frame   0x0000000000001b7c       0x58 /usr/local/gcc-arm-none-eabi-8-2018-q4-major/bin/../lib/gcc/arm-none-eabi/8.2.1/../../../../arm-none-eabi/lib/thumb/v7e-m+fp/hard/libc_nano.a(lib_a-makebuf.o)
 .debug_frame   0x0000000000001bd4       0x38 /usr/local/gcc-arm-none-eabi-8-2018-q4-major/bin/../lib/gcc/arm-none-eabi/8.2.1/../../../../arm-none-eabi/lib/thumb/v7e-m+fp/hard/libc_nano.a(lib_a-nano-freer.o)
 .debug_frame   0x0000000000001c0c       0x30 /usr/local/gcc-arm-none-eabi-8-2018-q4-major/bin/../lib/gcc/arm-none-eabi/8.2.1/../../../../arm-none-eabi/lib/thumb/v7e-m+fp/hard/libc_nano.a(lib_a-nano-mallocr.o)
 .debug_frame   0x0000000000001c3c       0xac /usr/local/gcc-arm-none-eabi-8-2018-q4-major/bin/../lib/gcc/arm-none-eabi/8.2.1/../../../../arm-none-eabi/lib/thumb/v7e-m+fp/hard/libc_nano.a(lib_a-nano-vfprintf.o)
 .debug_frame   0x0000000000001ce8       0x60 /usr/local/gcc-arm-none-eabi-8-2018-q4-major/bin/../lib/gcc/arm-none-eabi/8.2.1/../../../../arm-none-eabi/lib/thumb/v7e-m+fp/hard/libc_nano.a(lib_a-nano-vfprintf_i.o)
 .debug_frame   0x0000000000001d48       0x3c /usr/local/gcc-arm-none-eabi-8-2018-q4-major/bin/../lib/gcc/arm-none-eabi/8.2.1/../../../../arm-none-eabi/lib/thumb/v7e-m+fp/hard/libc_nano.a(lib_a-putc.o)
 .debug_frame   0x0000000000001d84       0x2c /usr/local/gcc-arm-none-eabi-8-2018-q4-major/bin/../lib/gcc/arm-none-eabi/8.2.1/../../../../arm-none-eabi/lib/thumb/v7e-m+fp/hard/libc_nano.a(lib_a-sbrkr.o)
 .debug_frame   0x0000000000001db0       0x88 /usr/local/gcc-arm-none-eabi-8-2018-q4-major/bin/../lib/gcc/arm-none-eabi/8.2.1/../../../../arm-none-eabi/lib/thumb/v7e-m+fp/hard/libc_nano.a(lib_a-stdio.o)
 .debug_frame   0x0000000000001e38       0x2c /usr/local/gcc-arm-none-eabi-8-2018-q4-major/bin/../lib/gcc/arm-none-eabi/8.2.1/../../../../arm-none-eabi/lib/thumb/v7e-m+fp/hard/libc_nano.a(lib_a-writer.o)
 .debug_frame   0x0000000000001e64       0x2c /usr/local/gcc-arm-none-eabi-8-2018-q4-major/bin/../lib/gcc/arm-none-eabi/8.2.1/../../../../arm-none-eabi/lib/thumb/v7e-m+fp/hard/libc_nano.a(lib_a-closer.o)
 .debug_frame   0x0000000000001e90       0x2c /usr/local/gcc-arm-none-eabi-8-2018-q4-major/bin/../lib/gcc/arm-none-eabi/8.2.1/../../../../arm-none-eabi/lib/thumb/v7e-m+fp/hard/libc_nano.a(lib_a-fstatr.o)
 .debug_frame   0x0000000000001ebc       0x2c /usr/local/gcc-arm-none-eabi-8-2018-q4-major/bin/../lib/gcc/arm-none-eabi/8.2.1/../../../../arm-none-eabi/lib/thumb/v7e-m+fp/hard/libc_nano.a(lib_a-isattyr.o)
 .debug_frame   0x0000000000001ee8       0x2c /usr/local/gcc-arm-none-eabi-8-2018-q4-major/bin/../lib/gcc/arm-none-eabi/8.2.1/../../../../arm-none-eabi/lib/thumb/v7e-m+fp/hard/libc_nano.a(lib_a-lseekr.o)
 .debug_frame   0x0000000000001f14       0x30 /usr/local/gcc-arm-none-eabi-8-2018-q4-major/bin/../lib/gcc/arm-none-eabi/8.2.1/../../../../arm-none-eabi/lib/thumb/v7e-m+fp/hard/libc_nano.a(lib_a-mlock.o)
 .debug_frame   0x0000000000001f44       0x2c /usr/local/gcc-arm-none-eabi-8-2018-q4-major/bin/../lib/gcc/arm-none-eabi/8.2.1/../../../../arm-none-eabi/lib/thumb/v7e-m+fp/hard/libc_nano.a(lib_a-readr.o)
 .debug_frame   0x0000000000001f70       0x5c /usr/local/gcc-arm-none-eabi-8-2018-q4-major/bin/../lib/gcc/arm-none-eabi/8.2.1/../../../../arm-none-eabi/lib/thumb/v7e-m+fp/hard/libc_nano.a(lib_a-reent.o)
 .debug_frame   0x0000000000001fcc       0x20 /usr/local/gcc-arm-none-eabi-8-2018-q4-major/bin/../lib/gcc/arm-none-eabi/8.2.1/../../../../arm-none-eabi/lib/thumb/v7e-m+fp/hard/libnosys.a(close.o)
 .debug_frame   0x0000000000001fec       0x20 /usr/local/gcc-arm-none-eabi-8-2018-q4-major/bin/../lib/gcc/arm-none-eabi/8.2.1/../../../../arm-none-eabi/lib/thumb/v7e-m+fp/hard/libnosys.a(fstat.o)
 .debug_frame   0x000000000000200c       0x20 /usr/local/gcc-arm-none-eabi-8-2018-q4-major/bin/../lib/gcc/arm-none-eabi/8.2.1/../../../../arm-none-eabi/lib/thumb/v7e-m+fp/hard/libnosys.a(isatty.o)
 .debug_frame   0x000000000000202c       0x20 /usr/local/gcc-arm-none-eabi-8-2018-q4-major/bin/../lib/gcc/arm-none-eabi/8.2.1/../../../../arm-none-eabi/lib/thumb/v7e-m+fp/hard/libnosys.a(lseek.o)
 .debug_frame   0x000000000000204c       0x20 /usr/local/gcc-arm-none-eabi-8-2018-q4-major/bin/../lib/gcc/arm-none-eabi/8.2.1/../../../../arm-none-eabi/lib/thumb/v7e-m+fp/hard/libnosys.a(read.o)
 .debug_frame   0x000000000000206c       0x20 /usr/local/gcc-arm-none-eabi-8-2018-q4-major/bin/../lib/gcc/arm-none-eabi/8.2.1/../../../../arm-none-eabi/lib/thumb/v7e-m+fp/hard/libnosys.a(sbrk.o)
 .debug_frame   0x000000000000208c       0xac /usr/local/gcc-arm-none-eabi-8-2018-q4-major/bin/../lib/gcc/arm-none-eabi/8.2.1/thumb/v7e-m+fp/hard/libgcc.a(_arm_addsubdf3.o)
 .debug_frame   0x0000000000002138       0x50 /usr/local/gcc-arm-none-eabi-8-2018-q4-major/bin/../lib/gcc/arm-none-eabi/8.2.1/thumb/v7e-m+fp/hard/libgcc.a(_arm_muldivdf3.o)

.stab           0x0000000000000000       0x84
 .stab          0x0000000000000000       0x24 /usr/local/gcc-arm-none-eabi-8-2018-q4-major/bin/../lib/gcc/arm-none-eabi/8.2.1/../../../../arm-none-eabi/lib/thumb/v7e-m+fp/hard/libnosys.a(close.o)
 .stab          0x0000000000000024       0x18 /usr/local/gcc-arm-none-eabi-8-2018-q4-major/bin/../lib/gcc/arm-none-eabi/8.2.1/../../../../arm-none-eabi/lib/thumb/v7e-m+fp/hard/libnosys.a(fstat.o)
                                         0x24 (size before relaxing)
 .stab          0x000000000000003c       0x18 /usr/local/gcc-arm-none-eabi-8-2018-q4-major/bin/../lib/gcc/arm-none-eabi/8.2.1/../../../../arm-none-eabi/lib/thumb/v7e-m+fp/hard/libnosys.a(isatty.o)
                                         0x24 (size before relaxing)
 .stab          0x0000000000000054       0x18 /usr/local/gcc-arm-none-eabi-8-2018-q4-major/bin/../lib/gcc/arm-none-eabi/8.2.1/../../../../arm-none-eabi/lib/thumb/v7e-m+fp/hard/libnosys.a(lseek.o)
                                         0x24 (size before relaxing)
 .stab          0x000000000000006c       0x18 /usr/local/gcc-arm-none-eabi-8-2018-q4-major/bin/../lib/gcc/arm-none-eabi/8.2.1/../../../../arm-none-eabi/lib/thumb/v7e-m+fp/hard/libnosys.a(read.o)
                                         0x24 (size before relaxing)

.stabstr        0x0000000000000000      0x117
 .stabstr       0x0000000000000000      0x117 /usr/local/gcc-arm-none-eabi-8-2018-q4-major/bin/../lib/gcc/arm-none-eabi/8.2.1/../../../../arm-none-eabi/lib/thumb/v7e-m+fp/hard/libnosys.a(close.o)

Cross Reference Table

Symbol                                            File
ADC1_2_IRQHandler                                 build/startup_stm32f303xe.o
ADC3_IRQHandler                                   build/startup_stm32f303xe.o
ADC4_IRQHandler                                   build/startup_stm32f303xe.o
AHBPrescTable                                     build/system_stm32f3xx.o
                                                  build/stm32f3xx_hal_rcc.o
APBPrescTable                                     build/system_stm32f3xx.o
                                                  build/stm32f3xx_hal_rcc.o
BusFault_Handler                                  build/stm32f3xx_it.o
CAN_RX1_IRQHandler                                build/startup_stm32f303xe.o
CAN_SCE_IRQHandler                                build/startup_stm32f303xe.o
COMP1_2_3_IRQHandler                              build/startup_stm32f303xe.o
COMP4_5_6_IRQHandler                              build/startup_stm32f303xe.o
COMP7_IRQHandler                                  build/startup_stm32f303xe.o
DMA1_Channel1_IRQHandler                          build/startup_stm32f303xe.o
DMA1_Channel2_IRQHandler                          build/startup_stm32f303xe.o
DMA1_Channel3_IRQHandler                          build/startup_stm32f303xe.o
DMA1_Channel4_IRQHandler                          build/startup_stm32f303xe.o
DMA1_Channel5_IRQHandler                          build/startup_stm32f303xe.o
DMA1_Channel6_IRQHandler                          build/startup_stm32f303xe.o
DMA1_Channel7_IRQHandler                          build/startup_stm32f303xe.o
DMA2_Channel1_IRQHandler                          build/startup_stm32f303xe.o
DMA2_Channel2_IRQHandler                          build/startup_stm32f303xe.o
DMA2_Channel3_IRQHandler                          build/startup_stm32f303xe.o
DMA2_Channel4_IRQHandler                          build/startup_stm32f303xe.o
DMA2_Channel5_IRQHandler                          build/startup_stm32f303xe.o
DebugMon_Handler                                  build/stm32f3xx_it.o
Default_Handler                                   build/startup_stm32f303xe.o
EXTI0_IRQHandler                                  build/startup_stm32f303xe.o
EXTI15_10_IRQHandler                              build/startup_stm32f303xe.o
EXTI1_IRQHandler                                  build/startup_stm32f303xe.o
EXTI2_TSC_IRQHandler                              build/startup_stm32f303xe.o
EXTI3_IRQHandler                                  build/startup_stm32f303xe.o
EXTI4_IRQHandler                                  build/startup_stm32f303xe.o
EXTI9_5_IRQHandler                                build/startup_stm32f303xe.o
FLASH_IRQHandler                                  build/startup_stm32f303xe.o
FLASH_PageErase                                   build/stm32f3xx_hal_flash_ex.o
                                                  build/stm32f3xx_hal_flash.o
FLASH_WaitForLastOperation                        build/stm32f3xx_hal_flash.o
                                                  build/stm32f3xx_hal_flash_ex.o
FMC_IRQHandler                                    build/startup_stm32f303xe.o
FPU_IRQHandler                                    build/startup_stm32f303xe.o
HAL_DBGMCU_DisableDBGSleepMode                    build/stm32f3xx_hal.o
HAL_DBGMCU_DisableDBGStandbyMode                  build/stm32f3xx_hal.o
HAL_DBGMCU_DisableDBGStopMode                     build/stm32f3xx_hal.o
HAL_DBGMCU_EnableDBGSleepMode                     build/stm32f3xx_hal.o
HAL_DBGMCU_EnableDBGStandbyMode                   build/stm32f3xx_hal.o
HAL_DBGMCU_EnableDBGStopMode                      build/stm32f3xx_hal.o
HAL_DMA_Abort                                     build/stm32f3xx_hal_dma.o
                                                  build/stm32f3xx_hal_uart.o
                                                  build/stm32f3xx_hal_spi.o
HAL_DMA_Abort_IT                                  build/stm32f3xx_hal_dma.o
                                                  build/stm32f3xx_hal_uart.o
                                                  build/stm32f3xx_hal_i2c.o
                                                  build/stm32f3xx_hal_spi.o
HAL_DMA_DeInit                                    build/stm32f3xx_hal_dma.o
HAL_DMA_GetError                                  build/stm32f3xx_hal_dma.o
HAL_DMA_GetState                                  build/stm32f3xx_hal_dma.o
HAL_DMA_IRQHandler                                build/stm32f3xx_hal_dma.o
HAL_DMA_Init                                      build/stm32f3xx_hal_dma.o
HAL_DMA_PollForTransfer                           build/stm32f3xx_hal_dma.o
HAL_DMA_RegisterCallback                          build/stm32f3xx_hal_dma.o
HAL_DMA_Start                                     build/stm32f3xx_hal_dma.o
HAL_DMA_Start_IT                                  build/stm32f3xx_hal_dma.o
                                                  build/stm32f3xx_hal_uart.o
                                                  build/stm32f3xx_hal_i2c.o
                                                  build/stm32f3xx_hal_spi.o
HAL_DMA_UnRegisterCallback                        build/stm32f3xx_hal_dma.o
HAL_DeInit                                        build/stm32f3xx_hal.o
HAL_Delay                                         build/stm32f3xx_hal.o
HAL_FLASHEx_Erase                                 build/stm32f3xx_hal_flash_ex.o
HAL_FLASHEx_Erase_IT                              build/stm32f3xx_hal_flash_ex.o
HAL_FLASHEx_OBErase                               build/stm32f3xx_hal_flash_ex.o
HAL_FLASHEx_OBGetConfig                           build/stm32f3xx_hal_flash_ex.o
HAL_FLASHEx_OBGetUserData                         build/stm32f3xx_hal_flash_ex.o
HAL_FLASHEx_OBProgram                             build/stm32f3xx_hal_flash_ex.o
HAL_FLASH_EndOfOperationCallback                  build/stm32f3xx_hal_flash.o
HAL_FLASH_GetError                                build/stm32f3xx_hal_flash.o
HAL_FLASH_IRQHandler                              build/stm32f3xx_hal_flash.o
HAL_FLASH_Lock                                    build/stm32f3xx_hal_flash.o
HAL_FLASH_OB_Launch                               build/stm32f3xx_hal_flash.o
HAL_FLASH_OB_Lock                                 build/stm32f3xx_hal_flash.o
HAL_FLASH_OB_Unlock                               build/stm32f3xx_hal_flash.o
HAL_FLASH_OperationErrorCallback                  build/stm32f3xx_hal_flash.o
HAL_FLASH_Program                                 build/stm32f3xx_hal_flash.o
HAL_FLASH_Program_IT                              build/stm32f3xx_hal_flash.o
HAL_FLASH_Unlock                                  build/stm32f3xx_hal_flash.o
HAL_GPIO_DeInit                                   build/stm32f3xx_hal_gpio.o
                                                  build/spi.o
                                                  build/usart.o
HAL_GPIO_EXTI_Callback                            build/stm32f3xx_hal_gpio.o
HAL_GPIO_EXTI_IRQHandler                          build/stm32f3xx_hal_gpio.o
HAL_GPIO_Init                                     build/stm32f3xx_hal_gpio.o
                                                  build/stm32f3xx_hal_rcc.o
                                                  build/gpio.o
                                                  build/spi.o
                                                  build/usart.o
HAL_GPIO_LockPin                                  build/stm32f3xx_hal_gpio.o
HAL_GPIO_ReadPin                                  build/stm32f3xx_hal_gpio.o
HAL_GPIO_TogglePin                                build/stm32f3xx_hal_gpio.o
HAL_GPIO_WritePin                                 build/stm32f3xx_hal_gpio.o
                                                  build/gpio.o
                                                  build/main.o
HAL_GetDEVID                                      build/stm32f3xx_hal.o
HAL_GetHalVersion                                 build/stm32f3xx_hal.o
HAL_GetREVID                                      build/stm32f3xx_hal.o
HAL_GetTick                                       build/stm32f3xx_hal.o
                                                  build/stm32f3xx_hal_rcc.o
                                                  build/stm32f3xx_hal_uart.o
                                                  build/stm32f3xx_hal_uart_ex.o
                                                  build/stm32f3xx_hal_i2c.o
                                                  build/stm32f3xx_hal_rcc_ex.o
                                                  build/stm32f3xx_hal_dma.o
                                                  build/stm32f3xx_hal_flash.o
                                                  build/stm32f3xx_hal_spi.o
HAL_GetUIDw0                                      build/stm32f3xx_hal.o
HAL_GetUIDw1                                      build/stm32f3xx_hal.o
HAL_GetUIDw2                                      build/stm32f3xx_hal.o
HAL_HalfDuplex_EnableReceiver                     build/stm32f3xx_hal_uart.o
HAL_HalfDuplex_EnableTransmitter                  build/stm32f3xx_hal_uart.o
HAL_HalfDuplex_Init                               build/stm32f3xx_hal_uart.o
HAL_I2CEx_ConfigAnalogFilter                      build/stm32f3xx_hal_i2c_ex.o
HAL_I2CEx_ConfigDigitalFilter                     build/stm32f3xx_hal_i2c_ex.o
HAL_I2CEx_DisableFastModePlus                     build/stm32f3xx_hal_i2c_ex.o
HAL_I2CEx_DisableWakeUp                           build/stm32f3xx_hal_i2c_ex.o
HAL_I2CEx_EnableFastModePlus                      build/stm32f3xx_hal_i2c_ex.o
HAL_I2CEx_EnableWakeUp                            build/stm32f3xx_hal_i2c_ex.o
HAL_I2C_AbortCpltCallback                         build/stm32f3xx_hal_i2c.o
HAL_I2C_AddrCallback                              build/stm32f3xx_hal_i2c.o
HAL_I2C_DeInit                                    build/stm32f3xx_hal_i2c.o
HAL_I2C_DisableListen_IT                          build/stm32f3xx_hal_i2c.o
HAL_I2C_ER_IRQHandler                             build/stm32f3xx_hal_i2c.o
HAL_I2C_EV_IRQHandler                             build/stm32f3xx_hal_i2c.o
HAL_I2C_EnableListen_IT                           build/stm32f3xx_hal_i2c.o
HAL_I2C_ErrorCallback                             build/stm32f3xx_hal_i2c.o
HAL_I2C_GetError                                  build/stm32f3xx_hal_i2c.o
HAL_I2C_GetMode                                   build/stm32f3xx_hal_i2c.o
HAL_I2C_GetState                                  build/stm32f3xx_hal_i2c.o
HAL_I2C_Init                                      build/stm32f3xx_hal_i2c.o
HAL_I2C_IsDeviceReady                             build/stm32f3xx_hal_i2c.o
HAL_I2C_ListenCpltCallback                        build/stm32f3xx_hal_i2c.o
HAL_I2C_MasterRxCpltCallback                      build/stm32f3xx_hal_i2c.o
HAL_I2C_MasterTxCpltCallback                      build/stm32f3xx_hal_i2c.o
HAL_I2C_Master_Abort_IT                           build/stm32f3xx_hal_i2c.o
HAL_I2C_Master_Receive                            build/stm32f3xx_hal_i2c.o
HAL_I2C_Master_Receive_DMA                        build/stm32f3xx_hal_i2c.o
HAL_I2C_Master_Receive_IT                         build/stm32f3xx_hal_i2c.o
HAL_I2C_Master_Sequential_Receive_IT              build/stm32f3xx_hal_i2c.o
HAL_I2C_Master_Sequential_Transmit_IT             build/stm32f3xx_hal_i2c.o
HAL_I2C_Master_Transmit                           build/stm32f3xx_hal_i2c.o
HAL_I2C_Master_Transmit_DMA                       build/stm32f3xx_hal_i2c.o
HAL_I2C_Master_Transmit_IT                        build/stm32f3xx_hal_i2c.o
HAL_I2C_MemRxCpltCallback                         build/stm32f3xx_hal_i2c.o
HAL_I2C_MemTxCpltCallback                         build/stm32f3xx_hal_i2c.o
HAL_I2C_Mem_Read                                  build/stm32f3xx_hal_i2c.o
HAL_I2C_Mem_Read_DMA                              build/stm32f3xx_hal_i2c.o
HAL_I2C_Mem_Read_IT                               build/stm32f3xx_hal_i2c.o
HAL_I2C_Mem_Write                                 build/stm32f3xx_hal_i2c.o
HAL_I2C_Mem_Write_DMA                             build/stm32f3xx_hal_i2c.o
HAL_I2C_Mem_Write_IT                              build/stm32f3xx_hal_i2c.o
HAL_I2C_MspDeInit                                 build/stm32f3xx_hal_i2c.o
HAL_I2C_MspInit                                   build/stm32f3xx_hal_i2c.o
HAL_I2C_SlaveRxCpltCallback                       build/stm32f3xx_hal_i2c.o
HAL_I2C_SlaveTxCpltCallback                       build/stm32f3xx_hal_i2c.o
HAL_I2C_Slave_Receive                             build/stm32f3xx_hal_i2c.o
HAL_I2C_Slave_Receive_DMA                         build/stm32f3xx_hal_i2c.o
HAL_I2C_Slave_Receive_IT                          build/stm32f3xx_hal_i2c.o
HAL_I2C_Slave_Sequential_Receive_IT               build/stm32f3xx_hal_i2c.o
HAL_I2C_Slave_Sequential_Transmit_IT              build/stm32f3xx_hal_i2c.o
HAL_I2C_Slave_Transmit                            build/stm32f3xx_hal_i2c.o
HAL_I2C_Slave_Transmit_DMA                        build/stm32f3xx_hal_i2c.o
HAL_I2C_Slave_Transmit_IT                         build/stm32f3xx_hal_i2c.o
HAL_IncTick                                       build/stm32f3xx_hal.o
                                                  build/stm32f3xx_it.o
HAL_Init                                          build/stm32f3xx_hal.o
                                                  build/main.o
HAL_InitTick                                      build/stm32f3xx_hal.o
                                                  build/stm32f3xx_hal_rcc.o
HAL_LIN_Init                                      build/stm32f3xx_hal_uart.o
HAL_LIN_SendBreak                                 build/stm32f3xx_hal_uart.o
HAL_MPU_ConfigRegion                              build/stm32f3xx_hal_cortex.o
HAL_MPU_Disable                                   build/stm32f3xx_hal_cortex.o
HAL_MPU_Enable                                    build/stm32f3xx_hal_cortex.o
HAL_MspDeInit                                     build/stm32f3xx_hal.o
HAL_MspInit                                       build/stm32f3xx_hal_msp.o
HAL_MultiProcessorEx_AddressLength_Set            build/stm32f3xx_hal_uart_ex.o
HAL_MultiProcessor_DisableMuteMode                build/stm32f3xx_hal_uart.o
HAL_MultiProcessor_EnableMuteMode                 build/stm32f3xx_hal_uart.o
HAL_MultiProcessor_EnterMuteMode                  build/stm32f3xx_hal_uart.o
HAL_MultiProcessor_Init                           build/stm32f3xx_hal_uart.o
HAL_NVIC_ClearPendingIRQ                          build/stm32f3xx_hal_cortex.o
HAL_NVIC_DisableIRQ                               build/stm32f3xx_hal_cortex.o
HAL_NVIC_EnableIRQ                                build/stm32f3xx_hal_cortex.o
HAL_NVIC_GetActive                                build/stm32f3xx_hal_cortex.o
HAL_NVIC_GetPendingIRQ                            build/stm32f3xx_hal_cortex.o
HAL_NVIC_GetPriority                              build/stm32f3xx_hal_cortex.o
HAL_NVIC_GetPriorityGrouping                      build/stm32f3xx_hal_cortex.o
HAL_NVIC_SetPendingIRQ                            build/stm32f3xx_hal_cortex.o
HAL_NVIC_SetPriority                              build/stm32f3xx_hal_cortex.o
                                                  build/stm32f3xx_hal.o
                                                  build/stm32f3xx_hal_msp.o
                                                  build/main.o
HAL_NVIC_SetPriorityGrouping                      build/stm32f3xx_hal_cortex.o
                                                  build/stm32f3xx_hal.o
                                                  build/stm32f3xx_hal_msp.o
HAL_NVIC_SystemReset                              build/stm32f3xx_hal_cortex.o
HAL_PWR_ConfigPVD                                 build/stm32f3xx_hal_pwr_ex.o
HAL_PWR_DeInit                                    build/stm32f3xx_hal_pwr.o
HAL_PWR_DisableBkUpAccess                         build/stm32f3xx_hal_pwr.o
HAL_PWR_DisablePVD                                build/stm32f3xx_hal_pwr_ex.o
HAL_PWR_DisableSEVOnPend                          build/stm32f3xx_hal_pwr.o
HAL_PWR_DisableSleepOnExit                        build/stm32f3xx_hal_pwr.o
HAL_PWR_DisableWakeUpPin                          build/stm32f3xx_hal_pwr.o
HAL_PWR_EnableBkUpAccess                          build/stm32f3xx_hal_pwr.o
HAL_PWR_EnablePVD                                 build/stm32f3xx_hal_pwr_ex.o
HAL_PWR_EnableSEVOnPend                           build/stm32f3xx_hal_pwr.o
HAL_PWR_EnableSleepOnExit                         build/stm32f3xx_hal_pwr.o
HAL_PWR_EnableWakeUpPin                           build/stm32f3xx_hal_pwr.o
HAL_PWR_EnterSLEEPMode                            build/stm32f3xx_hal_pwr.o
HAL_PWR_EnterSTANDBYMode                          build/stm32f3xx_hal_pwr.o
HAL_PWR_EnterSTOPMode                             build/stm32f3xx_hal_pwr.o
HAL_PWR_PVDCallback                               build/stm32f3xx_hal_pwr_ex.o
HAL_PWR_PVD_IRQHandler                            build/stm32f3xx_hal_pwr_ex.o
HAL_RCCEx_GetPeriphCLKConfig                      build/stm32f3xx_hal_rcc_ex.o
HAL_RCCEx_GetPeriphCLKFreq                        build/stm32f3xx_hal_rcc_ex.o
HAL_RCCEx_PeriphCLKConfig                         build/stm32f3xx_hal_rcc_ex.o
                                                  build/main.o